[     229ms] [WARNING] You don't have permission to use DEVTOOL!【type = 6】 @ https://yurigarden.com/assets/index-LUNgUZnA.js:16
[     734ms] [WARNING] You don't have permission to use DEVTOOL!【type = 6】 @ https://yurigarden.com/assets/index-LUNgUZnA.js:16
[    1233ms] [WARNING] You don't have permission to use DEVTOOL!【type = 6】 @ https://yurigarden.com/assets/index-LUNgUZnA.js:16
[    1731ms] [WARNING] You don't have permission to use DEVTOOL!【type = 6】 @ https://yurigarden.com/assets/index-LUNgUZnA.js:16
[    2230ms] [WARNING] You don't have permission to use DEVTOOL!【type = 6】 @ https://yurigarden.com/assets/index-LUNgUZnA.js:16
[    2728ms] [WARNING] You don't have permission to use DEVTOOL!【type = 6】 @ https://yurigarden.com/assets/index-LUNgUZnA.js:16
[    3233ms] [WARNING] You don't have permission to use DEVTOOL!【type = 6】 @ https://yurigarden.com/assets/index-LUNgUZnA.js:16
[    3734ms] [WARNING] You don't have permission to use DEVTOOL!【type = 6】 @ https://yurigarden.com/assets/index-LUNgUZnA.js:16
[    4239ms] [WARNING] You don't have permission to use DEVTOOL!【type = 6】 @ https://yurigarden.com/assets/index-LUNgUZnA.js:16
[    4735ms] [WARNING] You don't have permission to use DEVTOOL!【type = 6】 @ https://yurigarden.com/assets/index-LUNgUZnA.js:16
[    5236ms] [WARNING] You don't have permission to use DEVTOOL!【type = 6】 @ https://yurigarden.com/assets/index-LUNgUZnA.js:16
[    5729ms] [WARNING] You don't have permission to use DEVTOOL!【type = 6】 @ https://yurigarden.com/assets/index-LUNgUZnA.js:16
[    6233ms] [WARNING] You don't have permission to use DEVTOOL!【type = 6】 @ https://yurigarden.com/assets/index-LUNgUZnA.js:16
[    6732ms] [WARNING] You don't have permission to use DEVTOOL!【type = 6】 @ https://yurigarden.com/assets/index-LUNgUZnA.js:16
[    7240ms] [WARNING] You don't have permission to use DEVTOOL!【type = 6】 @ https://yurigarden.com/assets/index-LUNgUZnA.js:16
[    7733ms] [WARNING] You don't have permission to use DEVTOOL!【type = 6】 @ https://yurigarden.com/assets/index-LUNgUZnA.js:16
[    8232ms] [WARNING] You don't have permission to use DEVTOOL!【type = 6】 @ https://yurigarden.com/assets/index-LUNgUZnA.js:16
[    8726ms] [WARNING] You don't have permission to use DEVTOOL!【type = 6】 @ https://yurigarden.com/assets/index-LUNgUZnA.js:16
[    9230ms] [WARNING] You don't have permission to use DEVTOOL!【type = 6】 @ https://yurigarden.com/assets/index-LUNgUZnA.js:16
[    9731ms] [WARNING] You don't have permission to use DEVTOOL!【type = 6】 @ https://yurigarden.com/assets/index-LUNgUZnA.js:16
[   10232ms] [WARNING] You don't have permission to use DEVTOOL!【type = 6】 @ https://yurigarden.com/assets/index-LUNgUZnA.js:16
[   10743ms] [WARNING] You don't have permission to use DEVTOOL!【type = 6】 @ https://yurigarden.com/assets/index-LUNgUZnA.js:16
[   11244ms] [WARNING] You don't have permission to use DEVTOOL!【type = 6】 @ https://yurigarden.com/assets/index-LUNgUZnA.js:16
[   11725ms] [WARNING] You don't have permission to use DEVTOOL!【type = 6】 @ https://yurigarden.com/assets/index-LUNgUZnA.js:16
[   12233ms] [WARNING] You don't have permission to use DEVTOOL!【type = 6】 @ https://yurigarden.com/assets/index-LUNgUZnA.js:16
[   12728ms] [WARNING] You don't have permission to use DEVTOOL!【type = 6】 @ https://yurigarden.com/assets/index-LUNgUZnA.js:16
[   13230ms] [WARNING] You don't have permission to use DEVTOOL!【type = 6】 @ https://yurigarden.com/assets/index-LUNgUZnA.js:16
[   13730ms] [WARNING] You don't have permission to use DEVTOOL!【type = 6】 @ https://yurigarden.com/assets/index-LUNgUZnA.js:16
[   14223ms] [WARNING] You don't have permission to use DEVTOOL!【type = 6】 @ https://yurigarden.com/assets/index-LUNgUZnA.js:16
[   14728ms] [WARNING] You don't have permission to use DEVTOOL!【type = 6】 @ https://yurigarden.com/assets/index-LUNgUZnA.js:16
[   15229ms] [WARNING] You don't have permission to use DEVTOOL!【type = 6】 @ https://yurigarden.com/assets/index-LUNgUZnA.js:16
[   15729ms] [WARNING] You don't have permission to use DEVTOOL!【type = 6】 @ https://yurigarden.com/assets/index-LUNgUZnA.js:16
[   16226ms] [WARNING] You don't have permission to use DEVTOOL!【type = 6】 @ https://yurigarden.com/assets/index-LUNgUZnA.js:16
[   16730ms] [WARNING] You don't have permission to use DEVTOOL!【type = 6】 @ https://yurigarden.com/assets/index-LUNgUZnA.js:16
[   17234ms] [WARNING] You don't have permission to use DEVTOOL!【type = 6】 @ https://yurigarden.com/assets/index-LUNgUZnA.js:16
[   17728ms] [WARNING] You don't have permission to use DEVTOOL!【type = 6】 @ https://yurigarden.com/assets/index-LUNgUZnA.js:16
[   18225ms] [WARNING] You don't have permission to use DEVTOOL!【type = 6】 @ https://yurigarden.com/assets/index-LUNgUZnA.js:16
[   18726ms] [WARNING] You don't have permission to use DEVTOOL!【type = 6】 @ https://yurigarden.com/assets/index-LUNgUZnA.js:16
[   19225ms] [WARNING] You don't have permission to use DEVTOOL!【type = 6】 @ https://yurigarden.com/assets/index-LUNgUZnA.js:16
[   19731ms] [WARNING] You don't have permission to use DEVTOOL!【type = 6】 @ https://yurigarden.com/assets/index-LUNgUZnA.js:16
[   20233ms] [WARNING] You don't have permission to use DEVTOOL!【type = 6】 @ https://yurigarden.com/assets/index-LUNgUZnA.js:16
[   20730ms] [WARNING] You don't have permission to use DEVTOOL!【type = 6】 @ https://yurigarden.com/assets/index-LUNgUZnA.js:16
[   21235ms] [WARNING] You don't have permission to use DEVTOOL!【type = 6】 @ https://yurigarden.com/assets/index-LUNgUZnA.js:16
[   21732ms] [WARNING] You don't have permission to use DEVTOOL!【type = 6】 @ https://yurigarden.com/assets/index-LUNgUZnA.js:16
[   22229ms] [WARNING] You don't have permission to use DEVTOOL!【type = 6】 @ https://yurigarden.com/assets/index-LUNgUZnA.js:16
[   22727ms] [WARNING] You don't have permission to use DEVTOOL!【type = 6】 @ https://yurigarden.com/assets/index-LUNgUZnA.js:16
[   23229ms] [WARNING] You don't have permission to use DEVTOOL!【type = 6】 @ https://yurigarden.com/assets/index-LUNgUZnA.js:16
[   23727ms] [WARNING] You don't have permission to use DEVTOOL!【type = 6】 @ https://yurigarden.com/assets/index-LUNgUZnA.js:16
[   24229ms] [WARNING] You don't have permission to use DEVTOOL!【type = 6】 @ https://yurigarden.com/assets/index-LUNgUZnA.js:16
[   24728ms] [WARNING] You don't have permission to use DEVTOOL!【type = 6】 @ https://yurigarden.com/assets/index-LUNgUZnA.js:16
[   25227ms] [WARNING] You don't have permission to use DEVTOOL!【type = 6】 @ https://yurigarden.com/assets/index-LUNgUZnA.js:16
[   25726ms] [WARNING] You don't have permission to use DEVTOOL!【type = 6】 @ https://yurigarden.com/assets/index-LUNgUZnA.js:16
[   26226ms] [WARNING] You don't have permission to use DEVTOOL!【type = 6】 @ https://yurigarden.com/assets/index-LUNgUZnA.js:16
[   26731ms] [WARNING] You don't have permission to use DEVTOOL!【type = 6】 @ https://yurigarden.com/assets/index-LUNgUZnA.js:16
[   27230ms] [WARNING] You don't have permission to use DEVTOOL!【type = 6】 @ https://yurigarden.com/assets/index-LUNgUZnA.js:16
[   27743ms] [WARNING] You don't have permission to use DEVTOOL!【type = 6】 @ https://yurigarden.com/assets/index-LUNgUZnA.js:16
[   28246ms] [WARNING] You don't have permission to use DEVTOOL!【type = 6】 @ https://yurigarden.com/assets/index-LUNgUZnA.js:16
[   28733ms] [WARNING] You don't have permission to use DEVTOOL!【type = 6】 @ https://yurigarden.com/assets/index-LUNgUZnA.js:16
[   29227ms] [WARNING] You don't have permission to use DEVTOOL!【type = 6】 @ https://yurigarden.com/assets/index-LUNgUZnA.js:16
[   29724ms] [WARNING] You don't have permission to use DEVTOOL!【type = 6】 @ https://yurigarden.com/assets/index-LUNgUZnA.js:16
[   30220ms] [WARNING] You don't have permission to use DEVTOOL!【type = 6】 @ https://yurigarden.com/assets/index-LUNgUZnA.js:16
[   30727ms] [WARNING] You don't have permission to use DEVTOOL!【type = 6】 @ https://yurigarden.com/assets/index-LUNgUZnA.js:16
[   31236ms] [WARNING] You don't have permission to use DEVTOOL!【type = 6】 @ https://yurigarden.com/assets/index-LUNgUZnA.js:16
[   31733ms] [WARNING] You don't have permission to use DEVTOOL!【type = 6】 @ https://yurigarden.com/assets/index-LUNgUZnA.js:16
[   32232ms] [WARNING] You don't have permission to use DEVTOOL!【type = 6】 @ https://yurigarden.com/assets/index-LUNgUZnA.js:16
[   32730ms] [WARNING] You don't have permission to use DEVTOOL!【type = 6】 @ https://yurigarden.com/assets/index-LUNgUZnA.js:16
[   33245ms] [WARNING] You don't have permission to use DEVTOOL!【type = 6】 @ https://yurigarden.com/assets/index-LUNgUZnA.js:16
[   33747ms] [WARNING] You don't have permission to use DEVTOOL!【type = 6】 @ https://yurigarden.com/assets/index-LUNgUZnA.js:16
[   34249ms] [WARNING] You don't have permission to use DEVTOOL!【type = 6】 @ https://yurigarden.com/assets/index-LUNgUZnA.js:16
[   34742ms] [WARNING] You don't have permission to use DEVTOOL!【type = 6】 @ https://yurigarden.com/assets/index-LUNgUZnA.js:16
[   35235ms] [WARNING] You don't have permission to use DEVTOOL!【type = 6】 @ https://yurigarden.com/assets/index-LUNgUZnA.js:16
[   35742ms] [WARNING] You don't have permission to use DEVTOOL!【type = 6】 @ https://yurigarden.com/assets/index-LUNgUZnA.js:16
[   36241ms] [WARNING] You don't have permission to use DEVTOOL!【type = 6】 @ https://yurigarden.com/assets/index-LUNgUZnA.js:16
[   36742ms] [WARNING] You don't have permission to use DEVTOOL!【type = 6】 @ https://yurigarden.com/assets/index-LUNgUZnA.js:16
[   37240ms] [WARNING] You don't have permission to use DEVTOOL!【type = 6】 @ https://yurigarden.com/assets/index-LUNgUZnA.js:16
[   37735ms] [WARNING] You don't have permission to use DEVTOOL!【type = 6】 @ https://yurigarden.com/assets/index-LUNgUZnA.js:16
[   38236ms] [WARNING] You don't have permission to use DEVTOOL!【type = 6】 @ https://yurigarden.com/assets/index-LUNgUZnA.js:16
[   38734ms] [WARNING] You don't have permission to use DEVTOOL!【type = 6】 @ https://yurigarden.com/assets/index-LUNgUZnA.js:16
[   39229ms] [WARNING] You don't have permission to use DEVTOOL!【type = 6】 @ https://yurigarden.com/assets/index-LUNgUZnA.js:16
[   39732ms] [WARNING] You don't have permission to use DEVTOOL!【type = 6】 @ https://yurigarden.com/assets/index-LUNgUZnA.js:16
[   40235ms] [WARNING] You don't have permission to use DEVTOOL!【type = 6】 @ https://yurigarden.com/assets/index-LUNgUZnA.js:16
[   40732ms] [WARNING] You don't have permission to use DEVTOOL!【type = 6】 @ https://yurigarden.com/assets/index-LUNgUZnA.js:16
[   41233ms] [WARNING] You don't have permission to use DEVTOOL!【type = 6】 @ https://yurigarden.com/assets/index-LUNgUZnA.js:16
[   41734ms] [WARNING] You don't have permission to use DEVTOOL!【type = 6】 @ https://yurigarden.com/assets/index-LUNgUZnA.js:16
[   42233ms] [WARNING] You don't have permission to use DEVTOOL!【type = 6】 @ https://yurigarden.com/assets/index-LUNgUZnA.js:16
[   42732ms] [WARNING] You don't have permission to use DEVTOOL!【type = 6】 @ https://yurigarden.com/assets/index-LUNgUZnA.js:16
[   43238ms] [WARNING] You don't have permission to use DEVTOOL!【type = 6】 @ https://yurigarden.com/assets/index-LUNgUZnA.js:16
[   43728ms] [WARNING] You don't have permission to use DEVTOOL!【type = 6】 @ https://yurigarden.com/assets/index-LUNgUZnA.js:16
[   44238ms] [WARNING] You don't have permission to use DEVTOOL!【type = 6】 @ https://yurigarden.com/assets/index-LUNgUZnA.js:16
[   44730ms] [WARNING] You don't have permission to use DEVTOOL!【type = 6】 @ https://yurigarden.com/assets/index-LUNgUZnA.js:16
[   45230ms] [WARNING] You don't have permission to use DEVTOOL!【type = 6】 @ https://yurigarden.com/assets/index-LUNgUZnA.js:16
[   45729ms] [WARNING] You don't have permission to use DEVTOOL!【type = 6】 @ https://yurigarden.com/assets/index-LUNgUZnA.js:16
[   46224ms] [WARNING] You don't have permission to use DEVTOOL!【type = 6】 @ https://yurigarden.com/assets/index-LUNgUZnA.js:16
[   46731ms] [WARNING] You don't have permission to use DEVTOOL!【type = 6】 @ https://yurigarden.com/assets/index-LUNgUZnA.js:16
[   47229ms] [WARNING] You don't have permission to use DEVTOOL!【type = 6】 @ https://yurigarden.com/assets/index-LUNgUZnA.js:16
[   47727ms] [WARNING] You don't have permission to use DEVTOOL!【type = 6】 @ https://yurigarden.com/assets/index-LUNgUZnA.js:16
[   48228ms] [WARNING] You don't have permission to use DEVTOOL!【type = 6】 @ https://yurigarden.com/assets/index-LUNgUZnA.js:16
[   48735ms] [WARNING] You don't have permission to use DEVTOOL!【type = 6】 @ https://yurigarden.com/assets/index-LUNgUZnA.js:16
[   49232ms] [WARNING] You don't have permission to use DEVTOOL!【type = 6】 @ https://yurigarden.com/assets/index-LUNgUZnA.js:16
[   49740ms] [WARNING] You don't have permission to use DEVTOOL!【type = 6】 @ https://yurigarden.com/assets/index-LUNgUZnA.js:16
[   50263ms] [WARNING] You don't have permission to use DEVTOOL!【type = 6】 @ https://yurigarden.com/assets/index-LUNgUZnA.js:16
[   50740ms] [WARNING] You don't have permission to use DEVTOOL!【type = 6】 @ https://yurigarden.com/assets/index-LUNgUZnA.js:16
[   51228ms] [WARNING] You don't have permission to use DEVTOOL!【type = 6】 @ https://yurigarden.com/assets/index-LUNgUZnA.js:16
[   51731ms] [WARNING] You don't have permission to use DEVTOOL!【type = 6】 @ https://yurigarden.com/assets/index-LUNgUZnA.js:16
[   52237ms] [WARNING] You don't have permission to use DEVTOOL!【type = 6】 @ https://yurigarden.com/assets/index-LUNgUZnA.js:16
[   52734ms] [WARNING] You don't have permission to use DEVTOOL!【type = 6】 @ https://yurigarden.com/assets/index-LUNgUZnA.js:16
[   53231ms] [WARNING] You don't have permission to use DEVTOOL!【type = 6】 @ https://yurigarden.com/assets/index-LUNgUZnA.js:16
[   53736ms] [WARNING] You don't have permission to use DEVTOOL!【type = 6】 @ https://yurigarden.com/assets/index-LUNgUZnA.js:16
[   54230ms] [WARNING] You don't have permission to use DEVTOOL!【type = 6】 @ https://yurigarden.com/assets/index-LUNgUZnA.js:16
[   54732ms] [WARNING] You don't have permission to use DEVTOOL!【type = 6】 @ https://yurigarden.com/assets/index-LUNgUZnA.js:16
[   55232ms] [WARNING] You don't have permission to use DEVTOOL!【type = 6】 @ https://yurigarden.com/assets/index-LUNgUZnA.js:16
[   55731ms] [WARNING] You don't have permission to use DEVTOOL!【type = 6】 @ https://yurigarden.com/assets/index-LUNgUZnA.js:16
[   56239ms] [WARNING] You don't have permission to use DEVTOOL!【type = 6】 @ https://yurigarden.com/assets/index-LUNgUZnA.js:16
[   56726ms] [WARNING] You don't have permission to use DEVTOOL!【type = 6】 @ https://yurigarden.com/assets/index-LUNgUZnA.js:16
[   57229ms] [WARNING] You don't have permission to use DEVTOOL!【type = 6】 @ https://yurigarden.com/assets/index-LUNgUZnA.js:16
[   57729ms] [WARNING] You don't have permission to use DEVTOOL!【type = 6】 @ https://yurigarden.com/assets/index-LUNgUZnA.js:16
[   58235ms] [WARNING] You don't have permission to use DEVTOOL!【type = 6】 @ https://yurigarden.com/assets/index-LUNgUZnA.js:16
[   58735ms] [WARNING] You don't have permission to use DEVTOOL!【type = 6】 @ https://yurigarden.com/assets/index-LUNgUZnA.js:16
[   59230ms] [WARNING] You don't have permission to use DEVTOOL!【type = 6】 @ https://yurigarden.com/assets/index-LUNgUZnA.js:16
[   59728ms] [WARNING] You don't have permission to use DEVTOOL!【type = 6】 @ https://yurigarden.com/assets/index-LUNgUZnA.js:16
[   60222ms] [WARNING] You don't have permission to use DEVTOOL!【type = 6】 @ https://yurigarden.com/assets/index-LUNgUZnA.js:16
[   60736ms] [WARNING] You don't have permission to use DEVTOOL!【type = 6】 @ https://yurigarden.com/assets/index-LUNgUZnA.js:16
[   61231ms] [WARNING] You don't have permission to use DEVTOOL!【type = 6】 @ https://yurigarden.com/assets/index-LUNgUZnA.js:16
[   61737ms] [WARNING] You don't have permission to use DEVTOOL!【type = 6】 @ https://yurigarden.com/assets/index-LUNgUZnA.js:16
[   62240ms] [WARNING] You don't have permission to use DEVTOOL!【type = 6】 @ https://yurigarden.com/assets/index-LUNgUZnA.js:16
[   62737ms] [WARNING] You don't have permission to use DEVTOOL!【type = 6】 @ https://yurigarden.com/assets/index-LUNgUZnA.js:16
[   63260ms] [WARNING] You don't have permission to use DEVTOOL!【type = 6】 @ https://yurigarden.com/assets/index-LUNgUZnA.js:16
[   63741ms] [WARNING] You don't have permission to use DEVTOOL!【type = 6】 @ https://yurigarden.com/assets/index-LUNgUZnA.js:16
[   64233ms] [WARNING] You don't have permission to use DEVTOOL!【type = 6】 @ https://yurigarden.com/assets/index-LUNgUZnA.js:16
[   64742ms] [WARNING] You don't have permission to use DEVTOOL!【type = 6】 @ https://yurigarden.com/assets/index-LUNgUZnA.js:16
[   65237ms] [WARNING] You don't have permission to use DEVTOOL!【type = 6】 @ https://yurigarden.com/assets/index-LUNgUZnA.js:16
[   65742ms] [WARNING] You don't have permission to use DEVTOOL!【type = 6】 @ https://yurigarden.com/assets/index-LUNgUZnA.js:16
[   66244ms] [WARNING] You don't have permission to use DEVTOOL!【type = 6】 @ https://yurigarden.com/assets/index-LUNgUZnA.js:16
[   66736ms] [WARNING] You don't have permission to use DEVTOOL!【type = 6】 @ https://yurigarden.com/assets/index-LUNgUZnA.js:16
[   67235ms] [WARNING] You don't have permission to use DEVTOOL!【type = 6】 @ https://yurigarden.com/assets/index-LUNgUZnA.js:16
[   67736ms] [WARNING] You don't have permission to use DEVTOOL!【type = 6】 @ https://yurigarden.com/assets/index-LUNgUZnA.js:16
[   68236ms] [WARNING] You don't have permission to use DEVTOOL!【type = 6】 @ https://yurigarden.com/assets/index-LUNgUZnA.js:16
[   68742ms] [WARNING] You don't have permission to use DEVTOOL!【type = 6】 @ https://yurigarden.com/assets/index-LUNgUZnA.js:16
[   69237ms] [WARNING] You don't have permission to use DEVTOOL!【type = 6】 @ https://yurigarden.com/assets/index-LUNgUZnA.js:16
[   69732ms] [WARNING] You don't have permission to use DEVTOOL!【type = 6】 @ https://yurigarden.com/assets/index-LUNgUZnA.js:16
[   70229ms] [WARNING] You don't have permission to use DEVTOOL!【type = 6】 @ https://yurigarden.com/assets/index-LUNgUZnA.js:16
[   70734ms] [WARNING] You don't have permission to use DEVTOOL!【type = 6】 @ https://yurigarden.com/assets/index-LUNgUZnA.js:16
[   71229ms] [WARNING] You don't have permission to use DEVTOOL!【type = 6】 @ https://yurigarden.com/assets/index-LUNgUZnA.js:16
[   71726ms] [WARNING] You don't have permission to use DEVTOOL!【type = 6】 @ https://yurigarden.com/assets/index-LUNgUZnA.js:16
[   72233ms] [WARNING] You don't have permission to use DEVTOOL!【type = 6】 @ https://yurigarden.com/assets/index-LUNgUZnA.js:16
[   72728ms] [WARNING] You don't have permission to use DEVTOOL!【type = 6】 @ https://yurigarden.com/assets/index-LUNgUZnA.js:16
[   73227ms] [WARNING] You don't have permission to use DEVTOOL!【type = 6】 @ https://yurigarden.com/assets/index-LUNgUZnA.js:16
[   73727ms] [WARNING] You don't have permission to use DEVTOOL!【type = 6】 @ https://yurigarden.com/assets/index-LUNgUZnA.js:16
[   74231ms] [WARNING] You don't have permission to use DEVTOOL!【type = 6】 @ https://yurigarden.com/assets/index-LUNgUZnA.js:16
[   74728ms] [WARNING] You don't have permission to use DEVTOOL!【type = 6】 @ https://yurigarden.com/assets/index-LUNgUZnA.js:16
[   75227ms] [WARNING] You don't have permission to use DEVTOOL!【type = 6】 @ https://yurigarden.com/assets/index-LUNgUZnA.js:16
[   75729ms] [WARNING] You don't have permission to use DEVTOOL!【type = 6】 @ https://yurigarden.com/assets/index-LUNgUZnA.js:16
[   76227ms] [WARNING] You don't have permission to use DEVTOOL!【type = 6】 @ https://yurigarden.com/assets/index-LUNgUZnA.js:16
[   76733ms] [WARNING] You don't have permission to use DEVTOOL!【type = 6】 @ https://yurigarden.com/assets/index-LUNgUZnA.js:16
[   77226ms] [WARNING] You don't have permission to use DEVTOOL!【type = 6】 @ https://yurigarden.com/assets/index-LUNgUZnA.js:16
[   77739ms] [WARNING] You don't have permission to use DEVTOOL!【type = 6】 @ https://yurigarden.com/assets/index-LUNgUZnA.js:16
[   78231ms] [WARNING] You don't have permission to use DEVTOOL!【type = 6】 @ https://yurigarden.com/assets/index-LUNgUZnA.js:16
[   78730ms] [WARNING] You don't have permission to use DEVTOOL!【type = 6】 @ https://yurigarden.com/assets/index-LUNgUZnA.js:16
[   79227ms] [WARNING] You don't have permission to use DEVTOOL!【type = 6】 @ https://yurigarden.com/assets/index-LUNgUZnA.js:16
[   79729ms] [WARNING] You don't have permission to use DEVTOOL!【type = 6】 @ https://yurigarden.com/assets/index-LUNgUZnA.js:16
[   80229ms] [WARNING] You don't have permission to use DEVTOOL!【type = 6】 @ https://yurigarden.com/assets/index-LUNgUZnA.js:16
[   80734ms] [WARNING] You don't have permission to use DEVTOOL!【type = 6】 @ https://yurigarden.com/assets/index-LUNgUZnA.js:16
[   81227ms] [WARNING] You don't have permission to use DEVTOOL!【type = 6】 @ https://yurigarden.com/assets/index-LUNgUZnA.js:16
[   81732ms] [WARNING] You don't have permission to use DEVTOOL!【type = 6】 @ https://yurigarden.com/assets/index-LUNgUZnA.js:16
[   82234ms] [WARNING] You don't have permission to use DEVTOOL!【type = 6】 @ https://yurigarden.com/assets/index-LUNgUZnA.js:16
[   82736ms] [WARNING] You don't have permission to use DEVTOOL!【type = 6】 @ https://yurigarden.com/assets/index-LUNgUZnA.js:16
[   83233ms] [WARNING] You don't have permission to use DEVTOOL!【type = 6】 @ https://yurigarden.com/assets/index-LUNgUZnA.js:16
[   83738ms] [WARNING] You don't have permission to use DEVTOOL!【type = 6】 @ https://yurigarden.com/assets/index-LUNgUZnA.js:16
[   84242ms] [WARNING] You don't have permission to use DEVTOOL!【type = 6】 @ https://yurigarden.com/assets/index-LUNgUZnA.js:16
[   84735ms] [WARNING] You don't have permission to use DEVTOOL!【type = 6】 @ https://yurigarden.com/assets/index-LUNgUZnA.js:16
[   85228ms] [WARNING] You don't have permission to use DEVTOOL!【type = 6】 @ https://yurigarden.com/assets/index-LUNgUZnA.js:16
[   85736ms] [WARNING] You don't have permission to use DEVTOOL!【type = 6】 @ https://yurigarden.com/assets/index-LUNgUZnA.js:16
[   86227ms] [WARNING] You don't have permission to use DEVTOOL!【type = 6】 @ https://yurigarden.com/assets/index-LUNgUZnA.js:16
[   86728ms] [WARNING] You don't have permission to use DEVTOOL!【type = 6】 @ https://yurigarden.com/assets/index-LUNgUZnA.js:16
[   87232ms] [WARNING] You don't have permission to use DEVTOOL!【type = 6】 @ https://yurigarden.com/assets/index-LUNgUZnA.js:16
[   87739ms] [WARNING] You don't have permission to use DEVTOOL!【type = 6】 @ https://yurigarden.com/assets/index-LUNgUZnA.js:16
[   88241ms] [WARNING] You don't have permission to use DEVTOOL!【type = 6】 @ https://yurigarden.com/assets/index-LUNgUZnA.js:16
[   88733ms] [WARNING] You don't have permission to use DEVTOOL!【type = 6】 @ https://yurigarden.com/assets/index-LUNgUZnA.js:16
[   89225ms] [WARNING] You don't have permission to use DEVTOOL!【type = 6】 @ https://yurigarden.com/assets/index-LUNgUZnA.js:16
[   89727ms] [WARNING] You don't have permission to use DEVTOOL!【type = 6】 @ https://yurigarden.com/assets/index-LUNgUZnA.js:16
[   90230ms] [WARNING] You don't have permission to use DEVTOOL!【type = 6】 @ https://yurigarden.com/assets/index-LUNgUZnA.js:16
[   90723ms] [WARNING] You don't have permission to use DEVTOOL!【type = 6】 @ https://yurigarden.com/assets/index-LUNgUZnA.js:16
[   91230ms] [WARNING] You don't have permission to use DEVTOOL!【type = 6】 @ https://yurigarden.com/assets/index-LUNgUZnA.js:16
[   91724ms] [WARNING] You don't have permission to use DEVTOOL!【type = 6】 @ https://yurigarden.com/assets/index-LUNgUZnA.js:16
[   92233ms] [WARNING] You don't have permission to use DEVTOOL!【type = 6】 @ https://yurigarden.com/assets/index-LUNgUZnA.js:16
[   92734ms] [WARNING] You don't have permission to use DEVTOOL!【type = 6】 @ https://yurigarden.com/assets/index-LUNgUZnA.js:16
[   93225ms] [WARNING] You don't have permission to use DEVTOOL!【type = 6】 @ https://yurigarden.com/assets/index-LUNgUZnA.js:16
[   93727ms] [WARNING] You don't have permission to use DEVTOOL!【type = 6】 @ https://yurigarden.com/assets/index-LUNgUZnA.js:16
[   94220ms] [WARNING] You don't have permission to use DEVTOOL!【type = 6】 @ https://yurigarden.com/assets/index-LUNgUZnA.js:16
[   94723ms] [WARNING] You don't have permission to use DEVTOOL!【type = 6】 @ https://yurigarden.com/assets/index-LUNgUZnA.js:16
[   95232ms] [WARNING] You don't have permission to use DEVTOOL!【type = 6】 @ https://yurigarden.com/assets/index-LUNgUZnA.js:16
[   95728ms] [WARNING] You don't have permission to use DEVTOOL!【type = 6】 @ https://yurigarden.com/assets/index-LUNgUZnA.js:16
[   96228ms] [WARNING] You don't have permission to use DEVTOOL!【type = 6】 @ https://yurigarden.com/assets/index-LUNgUZnA.js:16
[   96727ms] [WARNING] You don't have permission to use DEVTOOL!【type = 6】 @ https://yurigarden.com/assets/index-LUNgUZnA.js:16
[   97233ms] [WARNING] You don't have permission to use DEVTOOL!【type = 6】 @ https://yurigarden.com/assets/index-LUNgUZnA.js:16
[   97733ms] [WARNING] You don't have permission to use DEVTOOL!【type = 6】 @ https://yurigarden.com/assets/index-LUNgUZnA.js:16
[   98233ms] [WARNING] You don't have permission to use DEVTOOL!【type = 6】 @ https://yurigarden.com/assets/index-LUNgUZnA.js:16
[   98733ms] [WARNING] You don't have permission to use DEVTOOL!【type = 6】 @ https://yurigarden.com/assets/index-LUNgUZnA.js:16
[   99221ms] [WARNING] You don't have permission to use DEVTOOL!【type = 6】 @ https://yurigarden.com/assets/index-LUNgUZnA.js:16
[   99728ms] [WARNING] You don't have permission to use DEVTOOL!【type = 6】 @ https://yurigarden.com/assets/index-LUNgUZnA.js:16
[  100220ms] [WARNING] You don't have permission to use DEVTOOL!【type = 6】 @ https://yurigarden.com/assets/index-LUNgUZnA.js:16
[  100725ms] [WARNING] You don't have permission to use DEVTOOL!【type = 6】 @ https://yurigarden.com/assets/index-LUNgUZnA.js:16
[  101235ms] [WARNING] You don't have permission to use DEVTOOL!【type = 6】 @ https://yurigarden.com/assets/index-LUNgUZnA.js:16
[  101726ms] [WARNING] You don't have permission to use DEVTOOL!【type = 6】 @ https://yurigarden.com/assets/index-LUNgUZnA.js:16
[  102230ms] [WARNING] You don't have permission to use DEVTOOL!【type = 6】 @ https://yurigarden.com/assets/index-LUNgUZnA.js:16
[  102733ms] [WARNING] You don't have permission to use DEVTOOL!【type = 6】 @ https://yurigarden.com/assets/index-LUNgUZnA.js:16
[  103225ms] [WARNING] You don't have permission to use DEVTOOL!【type = 6】 @ https://yurigarden.com/assets/index-LUNgUZnA.js:16
[  103727ms] [WARNING] You don't have permission to use DEVTOOL!【type = 6】 @ https://yurigarden.com/assets/index-LUNgUZnA.js:16
[  104235ms] [WARNING] You don't have permission to use DEVTOOL!【type = 6】 @ https://yurigarden.com/assets/index-LUNgUZnA.js:16
[  104727ms] [WARNING] You don't have permission to use DEVTOOL!【type = 6】 @ https://yurigarden.com/assets/index-LUNgUZnA.js:16
[  105230ms] [WARNING] You don't have permission to use DEVTOOL!【type = 6】 @ https://yurigarden.com/assets/index-LUNgUZnA.js:16
[  105723ms] [WARNING] You don't have permission to use DEVTOOL!【type = 6】 @ https://yurigarden.com/assets/index-LUNgUZnA.js:16
[  106231ms] [WARNING] You don't have permission to use DEVTOOL!【type = 6】 @ https://yurigarden.com/assets/index-LUNgUZnA.js:16
[  106727ms] [WARNING] You don't have permission to use DEVTOOL!【type = 6】 @ https://yurigarden.com/assets/index-LUNgUZnA.js:16
[  107228ms] [WARNING] You don't have permission to use DEVTOOL!【type = 6】 @ https://yurigarden.com/assets/index-LUNgUZnA.js:16
[  107737ms] [WARNING] You don't have permission to use DEVTOOL!【type = 6】 @ https://yurigarden.com/assets/index-LUNgUZnA.js:16
[  108234ms] [WARNING] You don't have permission to use DEVTOOL!【type = 6】 @ https://yurigarden.com/assets/index-LUNgUZnA.js:16
[  108727ms] [WARNING] You don't have permission to use DEVTOOL!【type = 6】 @ https://yurigarden.com/assets/index-LUNgUZnA.js:16
[  109235ms] [WARNING] You don't have permission to use DEVTOOL!【type = 6】 @ https://yurigarden.com/assets/index-LUNgUZnA.js:16
[  109734ms] [WARNING] You don't have permission to use DEVTOOL!【type = 6】 @ https://yurigarden.com/assets/index-LUNgUZnA.js:16
[  110227ms] [WARNING] You don't have permission to use DEVTOOL!【type = 6】 @ https://yurigarden.com/assets/index-LUNgUZnA.js:16
[  110724ms] [WARNING] You don't have permission to use DEVTOOL!【type = 6】 @ https://yurigarden.com/assets/index-LUNgUZnA.js:16
[  111229ms] [WARNING] You don't have permission to use DEVTOOL!【type = 6】 @ https://yurigarden.com/assets/index-LUNgUZnA.js:16
[  111722ms] [WARNING] You don't have permission to use DEVTOOL!【type = 6】 @ https://yurigarden.com/assets/index-LUNgUZnA.js:16
[  112223ms] [WARNING] You don't have permission to use DEVTOOL!【type = 6】 @ https://yurigarden.com/assets/index-LUNgUZnA.js:16
[  112728ms] [WARNING] You don't have permission to use DEVTOOL!【type = 6】 @ https://yurigarden.com/assets/index-LUNgUZnA.js:16
[  113226ms] [WARNING] You don't have permission to use DEVTOOL!【type = 6】 @ https://yurigarden.com/assets/index-LUNgUZnA.js:16
[  113727ms] [WARNING] You don't have permission to use DEVTOOL!【type = 6】 @ https://yurigarden.com/assets/index-LUNgUZnA.js:16
[  114221ms] [WARNING] You don't have permission to use DEVTOOL!【type = 6】 @ https://yurigarden.com/assets/index-LUNgUZnA.js:16
[  114723ms] [WARNING] You don't have permission to use DEVTOOL!【type = 6】 @ https://yurigarden.com/assets/index-LUNgUZnA.js:16
[  115226ms] [WARNING] You don't have permission to use DEVTOOL!【type = 6】 @ https://yurigarden.com/assets/index-LUNgUZnA.js:16
[  115724ms] [WARNING] You don't have permission to use DEVTOOL!【type = 6】 @ https://yurigarden.com/assets/index-LUNgUZnA.js:16
[  116221ms] [WARNING] You don't have permission to use DEVTOOL!【type = 6】 @ https://yurigarden.com/assets/index-LUNgUZnA.js:16
[  116720ms] [WARNING] You don't have permission to use DEVTOOL!【type = 6】 @ https://yurigarden.com/assets/index-LUNgUZnA.js:16
[  117229ms] [WARNING] You don't have permission to use DEVTOOL!【type = 6】 @ https://yurigarden.com/assets/index-LUNgUZnA.js:16
[  117729ms] [WARNING] You don't have permission to use DEVTOOL!【type = 6】 @ https://yurigarden.com/assets/index-LUNgUZnA.js:16
[  118245ms] [WARNING] You don't have permission to use DEVTOOL!【type = 6】 @ https://yurigarden.com/assets/index-LUNgUZnA.js:16
[  118736ms] [WARNING] You don't have permission to use DEVTOOL!【type = 6】 @ https://yurigarden.com/assets/index-LUNgUZnA.js:16
[  119225ms] [WARNING] You don't have permission to use DEVTOOL!【type = 6】 @ https://yurigarden.com/assets/index-LUNgUZnA.js:16
[  119747ms] [WARNING] You don't have permission to use DEVTOOL!【type = 6】 @ https://yurigarden.com/assets/index-LUNgUZnA.js:16
[  120233ms] [WARNING] You don't have permission to use DEVTOOL!【type = 6】 @ https://yurigarden.com/assets/index-LUNgUZnA.js:16
[  120728ms] [WARNING] You don't have permission to use DEVTOOL!【type = 6】 @ https://yurigarden.com/assets/index-LUNgUZnA.js:16
[  121229ms] [WARNING] You don't have permission to use DEVTOOL!【type = 6】 @ https://yurigarden.com/assets/index-LUNgUZnA.js:16
[  121726ms] [WARNING] You don't have permission to use DEVTOOL!【type = 6】 @ https://yurigarden.com/assets/index-LUNgUZnA.js:16
[  122229ms] [WARNING] You don't have permission to use DEVTOOL!【type = 6】 @ https://yurigarden.com/assets/index-LUNgUZnA.js:16
[  122727ms] [WARNING] You don't have permission to use DEVTOOL!【type = 6】 @ https://yurigarden.com/assets/index-LUNgUZnA.js:16
[  123226ms] [WARNING] You don't have permission to use DEVTOOL!【type = 6】 @ https://yurigarden.com/assets/index-LUNgUZnA.js:16
[  123722ms] [WARNING] You don't have permission to use DEVTOOL!【type = 6】 @ https://yurigarden.com/assets/index-LUNgUZnA.js:16
[  124223ms] [WARNING] You don't have permission to use DEVTOOL!【type = 6】 @ https://yurigarden.com/assets/index-LUNgUZnA.js:16
[  124727ms] [WARNING] You don't have permission to use DEVTOOL!【type = 6】 @ https://yurigarden.com/assets/index-LUNgUZnA.js:16
[  125229ms] [WARNING] You don't have permission to use DEVTOOL!【type = 6】 @ https://yurigarden.com/assets/index-LUNgUZnA.js:16
[  125726ms] [WARNING] You don't have permission to use DEVTOOL!【type = 6】 @ https://yurigarden.com/assets/index-LUNgUZnA.js:16
[  126228ms] [WARNING] You don't have permission to use DEVTOOL!【type = 6】 @ https://yurigarden.com/assets/index-LUNgUZnA.js:16
[  126731ms] [WARNING] You don't have permission to use DEVTOOL!【type = 6】 @ https://yurigarden.com/assets/index-LUNgUZnA.js:16
[  127223ms] [WARNING] You don't have permission to use DEVTOOL!【type = 6】 @ https://yurigarden.com/assets/index-LUNgUZnA.js:16
[  127728ms] [WARNING] You don't have permission to use DEVTOOL!【type = 6】 @ https://yurigarden.com/assets/index-LUNgUZnA.js:16
[  128229ms] [WARNING] You don't have permission to use DEVTOOL!【type = 6】 @ https://yurigarden.com/assets/index-LUNgUZnA.js:16
[  128725ms] [WARNING] You don't have permission to use DEVTOOL!【type = 6】 @ https://yurigarden.com/assets/index-LUNgUZnA.js:16
[  129228ms] [WARNING] You don't have permission to use DEVTOOL!【type = 6】 @ https://yurigarden.com/assets/index-LUNgUZnA.js:16
[  129727ms] [WARNING] You don't have permission to use DEVTOOL!【type = 6】 @ https://yurigarden.com/assets/index-LUNgUZnA.js:16
[  130225ms] [WARNING] You don't have permission to use DEVTOOL!【type = 6】 @ https://yurigarden.com/assets/index-LUNgUZnA.js:16
[  130723ms] [WARNING] You don't have permission to use DEVTOOL!【type = 6】 @ https://yurigarden.com/assets/index-LUNgUZnA.js:16
[  131231ms] [WARNING] You don't have permission to use DEVTOOL!【type = 6】 @ https://yurigarden.com/assets/index-LUNgUZnA.js:16
[  131724ms] [WARNING] You don't have permission to use DEVTOOL!【type = 6】 @ https://yurigarden.com/assets/index-LUNgUZnA.js:16
[  132225ms] [WARNING] You don't have permission to use DEVTOOL!【type = 6】 @ https://yurigarden.com/assets/index-LUNgUZnA.js:16
[  132729ms] [WARNING] You don't have permission to use DEVTOOL!【type = 6】 @ https://yurigarden.com/assets/index-LUNgUZnA.js:16
[  133228ms] [WARNING] You don't have permission to use DEVTOOL!【type = 6】 @ https://yurigarden.com/assets/index-LUNgUZnA.js:16
[  133722ms] [WARNING] You don't have permission to use DEVTOOL!【type = 6】 @ https://yurigarden.com/assets/index-LUNgUZnA.js:16
[  134223ms] [WARNING] You don't have permission to use DEVTOOL!【type = 6】 @ https://yurigarden.com/assets/index-LUNgUZnA.js:16
[  134726ms] [WARNING] You don't have permission to use DEVTOOL!【type = 6】 @ https://yurigarden.com/assets/index-LUNgUZnA.js:16
[  135227ms] [WARNING] You don't have permission to use DEVTOOL!【type = 6】 @ https://yurigarden.com/assets/index-LUNgUZnA.js:16
[  135734ms] [WARNING] You don't have permission to use DEVTOOL!【type = 6】 @ https://yurigarden.com/assets/index-LUNgUZnA.js:16
[  136223ms] [WARNING] You don't have permission to use DEVTOOL!【type = 6】 @ https://yurigarden.com/assets/index-LUNgUZnA.js:16
[  136725ms] [WARNING] You don't have permission to use DEVTOOL!【type = 6】 @ https://yurigarden.com/assets/index-LUNgUZnA.js:16
[  137242ms] [WARNING] You don't have permission to use DEVTOOL!【type = 6】 @ https://yurigarden.com/assets/index-LUNgUZnA.js:16
[  137728ms] [WARNING] You don't have permission to use DEVTOOL!【type = 6】 @ https://yurigarden.com/assets/index-LUNgUZnA.js:16
[  138241ms] [WARNING] You don't have permission to use DEVTOOL!【type = 6】 @ https://yurigarden.com/assets/index-LUNgUZnA.js:16
[  138721ms] [WARNING] You don't have permission to use DEVTOOL!【type = 6】 @ https://yurigarden.com/assets/index-LUNgUZnA.js:16
[  139235ms] [WARNING] You don't have permission to use DEVTOOL!【type = 6】 @ https://yurigarden.com/assets/index-LUNgUZnA.js:16
[  139727ms] [WARNING] You don't have permission to use DEVTOOL!【type = 6】 @ https://yurigarden.com/assets/index-LUNgUZnA.js:16
[  140230ms] [WARNING] You don't have permission to use DEVTOOL!【type = 6】 @ https://yurigarden.com/assets/index-LUNgUZnA.js:16
[  140727ms] [WARNING] You don't have permission to use DEVTOOL!【type = 6】 @ https://yurigarden.com/assets/index-LUNgUZnA.js:16
[  141230ms] [WARNING] You don't have permission to use DEVTOOL!【type = 6】 @ https://yurigarden.com/assets/index-LUNgUZnA.js:16
[  141727ms] [WARNING] You don't have permission to use DEVTOOL!【type = 6】 @ https://yurigarden.com/assets/index-LUNgUZnA.js:16
[  142226ms] [WARNING] You don't have permission to use DEVTOOL!【type = 6】 @ https://yurigarden.com/assets/index-LUNgUZnA.js:16
[  142727ms] [WARNING] You don't have permission to use DEVTOOL!【type = 6】 @ https://yurigarden.com/assets/index-LUNgUZnA.js:16
[  143226ms] [WARNING] You don't have permission to use DEVTOOL!【type = 6】 @ https://yurigarden.com/assets/index-LUNgUZnA.js:16
[  143726ms] [WARNING] You don't have permission to use DEVTOOL!【type = 6】 @ https://yurigarden.com/assets/index-LUNgUZnA.js:16
[  144229ms] [WARNING] You don't have permission to use DEVTOOL!【type = 6】 @ https://yurigarden.com/assets/index-LUNgUZnA.js:16
[  144728ms] [WARNING] You don't have permission to use DEVTOOL!【type = 6】 @ https://yurigarden.com/assets/index-LUNgUZnA.js:16
[  145228ms] [WARNING] You don't have permission to use DEVTOOL!【type = 6】 @ https://yurigarden.com/assets/index-LUNgUZnA.js:16
[  145723ms] [WARNING] You don't have permission to use DEVTOOL!【type = 6】 @ https://yurigarden.com/assets/index-LUNgUZnA.js:16
[  146227ms] [WARNING] You don't have permission to use DEVTOOL!【type = 6】 @ https://yurigarden.com/assets/index-LUNgUZnA.js:16
[  146728ms] [WARNING] You don't have permission to use DEVTOOL!【type = 6】 @ https://yurigarden.com/assets/index-LUNgUZnA.js:16
[  147229ms] [WARNING] You don't have permission to use DEVTOOL!【type = 6】 @ https://yurigarden.com/assets/index-LUNgUZnA.js:16
[  147726ms] [WARNING] You don't have permission to use DEVTOOL!【type = 6】 @ https://yurigarden.com/assets/index-LUNgUZnA.js:16
[  148229ms] [WARNING] You don't have permission to use DEVTOOL!【type = 6】 @ https://yurigarden.com/assets/index-LUNgUZnA.js:16
[  148725ms] [WARNING] You don't have permission to use DEVTOOL!【type = 6】 @ https://yurigarden.com/assets/index-LUNgUZnA.js:16
[  149226ms] [WARNING] You don't have permission to use DEVTOOL!【type = 6】 @ https://yurigarden.com/assets/index-LUNgUZnA.js:16
[  149722ms] [WARNING] You don't have permission to use DEVTOOL!【type = 6】 @ https://yurigarden.com/assets/index-LUNgUZnA.js:16
[  150220ms] [WARNING] You don't have permission to use DEVTOOL!【type = 6】 @ https://yurigarden.com/assets/index-LUNgUZnA.js:16
[  150722ms] [WARNING] You don't have permission to use DEVTOOL!【type = 6】 @ https://yurigarden.com/assets/index-LUNgUZnA.js:16
[  151230ms] [WARNING] You don't have permission to use DEVTOOL!【type = 6】 @ https://yurigarden.com/assets/index-LUNgUZnA.js:16
[  151722ms] [WARNING] You don't have permission to use DEVTOOL!【type = 6】 @ https://yurigarden.com/assets/index-LUNgUZnA.js:16
[  152225ms] [WARNING] You don't have permission to use DEVTOOL!【type = 6】 @ https://yurigarden.com/assets/index-LUNgUZnA.js:16
[  152724ms] [WARNING] You don't have permission to use DEVTOOL!【type = 6】 @ https://yurigarden.com/assets/index-LUNgUZnA.js:16
[  153228ms] [WARNING] You don't have permission to use DEVTOOL!【type = 6】 @ https://yurigarden.com/assets/index-LUNgUZnA.js:16
[  153726ms] [WARNING] You don't have permission to use DEVTOOL!【type = 6】 @ https://yurigarden.com/assets/index-LUNgUZnA.js:16
[  154228ms] [WARNING] You don't have permission to use DEVTOOL!【type = 6】 @ https://yurigarden.com/assets/index-LUNgUZnA.js:16
[  154728ms] [WARNING] You don't have permission to use DEVTOOL!【type = 6】 @ https://yurigarden.com/assets/index-LUNgUZnA.js:16
[  155229ms] [WARNING] You don't have permission to use DEVTOOL!【type = 6】 @ https://yurigarden.com/assets/index-LUNgUZnA.js:16
[  155720ms] [WARNING] You don't have permission to use DEVTOOL!【type = 6】 @ https://yurigarden.com/assets/index-LUNgUZnA.js:16
[  156224ms] [WARNING] You don't have permission to use DEVTOOL!【type = 6】 @ https://yurigarden.com/assets/index-LUNgUZnA.js:16
[  156723ms] [WARNING] You don't have permission to use DEVTOOL!【type = 6】 @ https://yurigarden.com/assets/index-LUNgUZnA.js:16
[  157227ms] [WARNING] You don't have permission to use DEVTOOL!【type = 6】 @ https://yurigarden.com/assets/index-LUNgUZnA.js:16
[  157727ms] [WARNING] You don't have permission to use DEVTOOL!【type = 6】 @ https://yurigarden.com/assets/index-LUNgUZnA.js:16
[  158223ms] [WARNING] You don't have permission to use DEVTOOL!【type = 6】 @ https://yurigarden.com/assets/index-LUNgUZnA.js:16
[  158723ms] [WARNING] You don't have permission to use DEVTOOL!【type = 6】 @ https://yurigarden.com/assets/index-LUNgUZnA.js:16
[  159227ms] [WARNING] You don't have permission to use DEVTOOL!【type = 6】 @ https://yurigarden.com/assets/index-LUNgUZnA.js:16
[  159725ms] [WARNING] You don't have permission to use DEVTOOL!【type = 6】 @ https://yurigarden.com/assets/index-LUNgUZnA.js:16
[  160227ms] [WARNING] You don't have permission to use DEVTOOL!【type = 6】 @ https://yurigarden.com/assets/index-LUNgUZnA.js:16
[  160727ms] [WARNING] You don't have permission to use DEVTOOL!【type = 6】 @ https://yurigarden.com/assets/index-LUNgUZnA.js:16
[  161221ms] [WARNING] You don't have permission to use DEVTOOL!【type = 6】 @ https://yurigarden.com/assets/index-LUNgUZnA.js:16
[  161726ms] [WARNING] You don't have permission to use DEVTOOL!【type = 6】 @ https://yurigarden.com/assets/index-LUNgUZnA.js:16
[  162230ms] [WARNING] You don't have permission to use DEVTOOL!【type = 6】 @ https://yurigarden.com/assets/index-LUNgUZnA.js:16
[  162722ms] [WARNING] You don't have permission to use DEVTOOL!【type = 6】 @ https://yurigarden.com/assets/index-LUNgUZnA.js:16
[  163223ms] [WARNING] You don't have permission to use DEVTOOL!【type = 6】 @ https://yurigarden.com/assets/index-LUNgUZnA.js:16
[  163722ms] [WARNING] You don't have permission to use DEVTOOL!【type = 6】 @ https://yurigarden.com/assets/index-LUNgUZnA.js:16
[  164226ms] [WARNING] You don't have permission to use DEVTOOL!【type = 6】 @ https://yurigarden.com/assets/index-LUNgUZnA.js:16
[  164727ms] [WARNING] You don't have permission to use DEVTOOL!【type = 6】 @ https://yurigarden.com/assets/index-LUNgUZnA.js:16
[  165232ms] [WARNING] You don't have permission to use DEVTOOL!【type = 6】 @ https://yurigarden.com/assets/index-LUNgUZnA.js:16
[  165722ms] [WARNING] You don't have permission to use DEVTOOL!【type = 6】 @ https://yurigarden.com/assets/index-LUNgUZnA.js:16
[  166224ms] [WARNING] You don't have permission to use DEVTOOL!【type = 6】 @ https://yurigarden.com/assets/index-LUNgUZnA.js:16
[  166721ms] [WARNING] You don't have permission to use DEVTOOL!【type = 6】 @ https://yurigarden.com/assets/index-LUNgUZnA.js:16
[  167230ms] [WARNING] You don't have permission to use DEVTOOL!【type = 6】 @ https://yurigarden.com/assets/index-LUNgUZnA.js:16
[  167736ms] [WARNING] You don't have permission to use DEVTOOL!【type = 6】 @ https://yurigarden.com/assets/index-LUNgUZnA.js:16
[  168234ms] [WARNING] You don't have permission to use DEVTOOL!【type = 6】 @ https://yurigarden.com/assets/index-LUNgUZnA.js:16
[  168733ms] [WARNING] You don't have permission to use DEVTOOL!【type = 6】 @ https://yurigarden.com/assets/index-LUNgUZnA.js:16
[  169239ms] [WARNING] You don't have permission to use DEVTOOL!【type = 6】 @ https://yurigarden.com/assets/index-LUNgUZnA.js:16
[  169734ms] [WARNING] You don't have permission to use DEVTOOL!【type = 6】 @ https://yurigarden.com/assets/index-LUNgUZnA.js:16
[  170228ms] [WARNING] You don't have permission to use DEVTOOL!【type = 6】 @ https://yurigarden.com/assets/index-LUNgUZnA.js:16
[  170728ms] [WARNING] You don't have permission to use DEVTOOL!【type = 6】 @ https://yurigarden.com/assets/index-LUNgUZnA.js:16
[  171223ms] [WARNING] You don't have permission to use DEVTOOL!【type = 6】 @ https://yurigarden.com/assets/index-LUNgUZnA.js:16
[  171726ms] [WARNING] You don't have permission to use DEVTOOL!【type = 6】 @ https://yurigarden.com/assets/index-LUNgUZnA.js:16
[  172226ms] [WARNING] You don't have permission to use DEVTOOL!【type = 6】 @ https://yurigarden.com/assets/index-LUNgUZnA.js:16
[  172723ms] [WARNING] You don't have permission to use DEVTOOL!【type = 6】 @ https://yurigarden.com/assets/index-LUNgUZnA.js:16
[  173227ms] [WARNING] You don't have permission to use DEVTOOL!【type = 6】 @ https://yurigarden.com/assets/index-LUNgUZnA.js:16
[  173722ms] [WARNING] You don't have permission to use DEVTOOL!【type = 6】 @ https://yurigarden.com/assets/index-LUNgUZnA.js:16
[  174226ms] [WARNING] You don't have permission to use DEVTOOL!【type = 6】 @ https://yurigarden.com/assets/index-LUNgUZnA.js:16
[  174733ms] [WARNING] You don't have permission to use DEVTOOL!【type = 6】 @ https://yurigarden.com/assets/index-LUNgUZnA.js:16
[  175231ms] [WARNING] You don't have permission to use DEVTOOL!【type = 6】 @ https://yurigarden.com/assets/index-LUNgUZnA.js:16
[  175726ms] [WARNING] You don't have permission to use DEVTOOL!【type = 6】 @ https://yurigarden.com/assets/index-LUNgUZnA.js:16
[  176226ms] [WARNING] You don't have permission to use DEVTOOL!【type = 6】 @ https://yurigarden.com/assets/index-LUNgUZnA.js:16
[  176727ms] [WARNING] You don't have permission to use DEVTOOL!【type = 6】 @ https://yurigarden.com/assets/index-LUNgUZnA.js:16
[  177228ms] [WARNING] You don't have permission to use DEVTOOL!【type = 6】 @ https://yurigarden.com/assets/index-LUNgUZnA.js:16
[  177722ms] [WARNING] You don't have permission to use DEVTOOL!【type = 6】 @ https://yurigarden.com/assets/index-LUNgUZnA.js:16
[  178231ms] [WARNING] You don't have permission to use DEVTOOL!【type = 6】 @ https://yurigarden.com/assets/index-LUNgUZnA.js:16
[  178733ms] [WARNING] You don't have permission to use DEVTOOL!【type = 6】 @ https://yurigarden.com/assets/index-LUNgUZnA.js:16
[  179228ms] [WARNING] You don't have permission to use DEVTOOL!【type = 6】 @ https://yurigarden.com/assets/index-LUNgUZnA.js:16
[  179726ms] [WARNING] You don't have permission to use DEVTOOL!【type = 6】 @ https://yurigarden.com/assets/index-LUNgUZnA.js:16
[  180226ms] [WARNING] You don't have permission to use DEVTOOL!【type = 6】 @ https://yurigarden.com/assets/index-LUNgUZnA.js:16
[  180719ms] [WARNING] You don't have permission to use DEVTOOL!【type = 6】 @ https://yurigarden.com/assets/index-LUNgUZnA.js:16
[  181226ms] [WARNING] You don't have permission to use DEVTOOL!【type = 6】 @ https://yurigarden.com/assets/index-LUNgUZnA.js:16
[  181725ms] [WARNING] You don't have permission to use DEVTOOL!【type = 6】 @ https://yurigarden.com/assets/index-LUNgUZnA.js:16
[  182221ms] [WARNING] You don't have permission to use DEVTOOL!【type = 6】 @ https://yurigarden.com/assets/index-LUNgUZnA.js:16
[  182728ms] [WARNING] You don't have permission to use DEVTOOL!【type = 6】 @ https://yurigarden.com/assets/index-LUNgUZnA.js:16
[  183225ms] [WARNING] You don't have permission to use DEVTOOL!【type = 6】 @ https://yurigarden.com/assets/index-LUNgUZnA.js:16
[  183725ms] [WARNING] You don't have permission to use DEVTOOL!【type = 6】 @ https://yurigarden.com/assets/index-LUNgUZnA.js:16
[  184225ms] [WARNING] You don't have permission to use DEVTOOL!【type = 6】 @ https://yurigarden.com/assets/index-LUNgUZnA.js:16
[  184724ms] [WARNING] You don't have permission to use DEVTOOL!【type = 6】 @ https://yurigarden.com/assets/index-LUNgUZnA.js:16
[  185223ms] [WARNING] You don't have permission to use DEVTOOL!【type = 6】 @ https://yurigarden.com/assets/index-LUNgUZnA.js:16
[  185731ms] [WARNING] You don't have permission to use DEVTOOL!【type = 6】 @ https://yurigarden.com/assets/index-LUNgUZnA.js:16
[  186223ms] [WARNING] You don't have permission to use DEVTOOL!【type = 6】 @ https://yurigarden.com/assets/index-LUNgUZnA.js:16
[  186722ms] [WARNING] You don't have permission to use DEVTOOL!【type = 6】 @ https://yurigarden.com/assets/index-LUNgUZnA.js:16
[  187224ms] [WARNING] You don't have permission to use DEVTOOL!【type = 6】 @ https://yurigarden.com/assets/index-LUNgUZnA.js:16
[  187729ms] [WARNING] You don't have permission to use DEVTOOL!【type = 6】 @ https://yurigarden.com/assets/index-LUNgUZnA.js:16
[  188227ms] [WARNING] You don't have permission to use DEVTOOL!【type = 6】 @ https://yurigarden.com/assets/index-LUNgUZnA.js:16
[  188728ms] [WARNING] You don't have permission to use DEVTOOL!【type = 6】 @ https://yurigarden.com/assets/index-LUNgUZnA.js:16
[  189227ms] [WARNING] You don't have permission to use DEVTOOL!【type = 6】 @ https://yurigarden.com/assets/index-LUNgUZnA.js:16
[  189732ms] [WARNING] You don't have permission to use DEVTOOL!【type = 6】 @ https://yurigarden.com/assets/index-LUNgUZnA.js:16
[  190226ms] [WARNING] You don't have permission to use DEVTOOL!【type = 6】 @ https://yurigarden.com/assets/index-LUNgUZnA.js:16
[  190724ms] [WARNING] You don't have permission to use DEVTOOL!【type = 6】 @ https://yurigarden.com/assets/index-LUNgUZnA.js:16
[  191226ms] [WARNING] You don't have permission to use DEVTOOL!【type = 6】 @ https://yurigarden.com/assets/index-LUNgUZnA.js:16
[  191736ms] [WARNING] You don't have permission to use DEVTOOL!【type = 6】 @ https://yurigarden.com/assets/index-LUNgUZnA.js:16
[  192227ms] [WARNING] You don't have permission to use DEVTOOL!【type = 6】 @ https://yurigarden.com/assets/index-LUNgUZnA.js:16
[  192719ms] [WARNING] You don't have permission to use DEVTOOL!【type = 6】 @ https://yurigarden.com/assets/index-LUNgUZnA.js:16
[  193225ms] [WARNING] You don't have permission to use DEVTOOL!【type = 6】 @ https://yurigarden.com/assets/index-LUNgUZnA.js:16
[  193727ms] [WARNING] You don't have permission to use DEVTOOL!【type = 6】 @ https://yurigarden.com/assets/index-LUNgUZnA.js:16
[  194225ms] [WARNING] You don't have permission to use DEVTOOL!【type = 6】 @ https://yurigarden.com/assets/index-LUNgUZnA.js:16
[  194727ms] [WARNING] You don't have permission to use DEVTOOL!【type = 6】 @ https://yurigarden.com/assets/index-LUNgUZnA.js:16
[  195223ms] [WARNING] You don't have permission to use DEVTOOL!【type = 6】 @ https://yurigarden.com/assets/index-LUNgUZnA.js:16
[  195730ms] [WARNING] You don't have permission to use DEVTOOL!【type = 6】 @ https://yurigarden.com/assets/index-LUNgUZnA.js:16
[  196227ms] [WARNING] You don't have permission to use DEVTOOL!【type = 6】 @ https://yurigarden.com/assets/index-LUNgUZnA.js:16
[  196725ms] [WARNING] You don't have permission to use DEVTOOL!【type = 6】 @ https://yurigarden.com/assets/index-LUNgUZnA.js:16
[  197227ms] [WARNING] You don't have permission to use DEVTOOL!【type = 6】 @ https://yurigarden.com/assets/index-LUNgUZnA.js:16
[  197729ms] [WARNING] You don't have permission to use DEVTOOL!【type = 6】 @ https://yurigarden.com/assets/index-LUNgUZnA.js:16
[  198226ms] [WARNING] You don't have permission to use DEVTOOL!【type = 6】 @ https://yurigarden.com/assets/index-LUNgUZnA.js:16
[  198725ms] [WARNING] You don't have permission to use DEVTOOL!【type = 6】 @ https://yurigarden.com/assets/index-LUNgUZnA.js:16
[  199230ms] [WARNING] You don't have permission to use DEVTOOL!【type = 6】 @ https://yurigarden.com/assets/index-LUNgUZnA.js:16
[  199720ms] [WARNING] You don't have permission to use DEVTOOL!【type = 6】 @ https://yurigarden.com/assets/index-LUNgUZnA.js:16
[  200223ms] [WARNING] You don't have permission to use DEVTOOL!【type = 6】 @ https://yurigarden.com/assets/index-LUNgUZnA.js:16
[  200723ms] [WARNING] You don't have permission to use DEVTOOL!【type = 6】 @ https://yurigarden.com/assets/index-LUNgUZnA.js:16
[  201225ms] [WARNING] You don't have permission to use DEVTOOL!【type = 6】 @ https://yurigarden.com/assets/index-LUNgUZnA.js:16
[  201720ms] [WARNING] You don't have permission to use DEVTOOL!【type = 6】 @ https://yurigarden.com/assets/index-LUNgUZnA.js:16
[  202229ms] [WARNING] You don't have permission to use DEVTOOL!【type = 6】 @ https://yurigarden.com/assets/index-LUNgUZnA.js:16
[  202722ms] [WARNING] You don't have permission to use DEVTOOL!【type = 6】 @ https://yurigarden.com/assets/index-LUNgUZnA.js:16
[  203228ms] [WARNING] You don't have permission to use DEVTOOL!【type = 6】 @ https://yurigarden.com/assets/index-LUNgUZnA.js:16
[  203725ms] [WARNING] You don't have permission to use DEVTOOL!【type = 6】 @ https://yurigarden.com/assets/index-LUNgUZnA.js:16
[  204225ms] [WARNING] You don't have permission to use DEVTOOL!【type = 6】 @ https://yurigarden.com/assets/index-LUNgUZnA.js:16
[  204727ms] [WARNING] You don't have permission to use DEVTOOL!【type = 6】 @ https://yurigarden.com/assets/index-LUNgUZnA.js:16
[  205226ms] [WARNING] You don't have permission to use DEVTOOL!【type = 6】 @ https://yurigarden.com/assets/index-LUNgUZnA.js:16
[  205726ms] [WARNING] You don't have permission to use DEVTOOL!【type = 6】 @ https://yurigarden.com/assets/index-LUNgUZnA.js:16
[  206228ms] [WARNING] You don't have permission to use DEVTOOL!【type = 6】 @ https://yurigarden.com/assets/index-LUNgUZnA.js:16
[  206722ms] [WARNING] You don't have permission to use DEVTOOL!【type = 6】 @ https://yurigarden.com/assets/index-LUNgUZnA.js:16
[  207219ms] [WARNING] You don't have permission to use DEVTOOL!【type = 6】 @ https://yurigarden.com/assets/index-LUNgUZnA.js:16
[  207724ms] [WARNING] You don't have permission to use DEVTOOL!【type = 6】 @ https://yurigarden.com/assets/index-LUNgUZnA.js:16
[  208233ms] [WARNING] You don't have permission to use DEVTOOL!【type = 6】 @ https://yurigarden.com/assets/index-LUNgUZnA.js:16
[  208732ms] [WARNING] You don't have permission to use DEVTOOL!【type = 6】 @ https://yurigarden.com/assets/index-LUNgUZnA.js:16
[  209223ms] [WARNING] You don't have permission to use DEVTOOL!【type = 6】 @ https://yurigarden.com/assets/index-LUNgUZnA.js:16
[  209729ms] [WARNING] You don't have permission to use DEVTOOL!【type = 6】 @ https://yurigarden.com/assets/index-LUNgUZnA.js:16
[  210226ms] [WARNING] You don't have permission to use DEVTOOL!【type = 6】 @ https://yurigarden.com/assets/index-LUNgUZnA.js:16
[  210736ms] [WARNING] You don't have permission to use DEVTOOL!【type = 6】 @ https://yurigarden.com/assets/index-LUNgUZnA.js:16
[  211226ms] [WARNING] You don't have permission to use DEVTOOL!【type = 6】 @ https://yurigarden.com/assets/index-LUNgUZnA.js:16
[  211725ms] [WARNING] You don't have permission to use DEVTOOL!【type = 6】 @ https://yurigarden.com/assets/index-LUNgUZnA.js:16
[  212227ms] [WARNING] You don't have permission to use DEVTOOL!【type = 6】 @ https://yurigarden.com/assets/index-LUNgUZnA.js:16
[  212725ms] [WARNING] You don't have permission to use DEVTOOL!【type = 6】 @ https://yurigarden.com/assets/index-LUNgUZnA.js:16
[  213222ms] [WARNING] You don't have permission to use DEVTOOL!【type = 6】 @ https://yurigarden.com/assets/index-LUNgUZnA.js:16
[  213722ms] [WARNING] You don't have permission to use DEVTOOL!【type = 6】 @ https://yurigarden.com/assets/index-LUNgUZnA.js:16
[  214223ms] [WARNING] You don't have permission to use DEVTOOL!【type = 6】 @ https://yurigarden.com/assets/index-LUNgUZnA.js:16
[  214727ms] [WARNING] You don't have permission to use DEVTOOL!【type = 6】 @ https://yurigarden.com/assets/index-LUNgUZnA.js:16
[  215223ms] [WARNING] You don't have permission to use DEVTOOL!【type = 6】 @ https://yurigarden.com/assets/index-LUNgUZnA.js:16
[  215721ms] [WARNING] You don't have permission to use DEVTOOL!【type = 6】 @ https://yurigarden.com/assets/index-LUNgUZnA.js:16
[  216225ms] [WARNING] You don't have permission to use DEVTOOL!【type = 6】 @ https://yurigarden.com/assets/index-LUNgUZnA.js:16
[  216730ms] [WARNING] You don't have permission to use DEVTOOL!【type = 6】 @ https://yurigarden.com/assets/index-LUNgUZnA.js:16
[  217227ms] [WARNING] You don't have permission to use DEVTOOL!【type = 6】 @ https://yurigarden.com/assets/index-LUNgUZnA.js:16
[  217726ms] [WARNING] You don't have permission to use DEVTOOL!【type = 6】 @ https://yurigarden.com/assets/index-LUNgUZnA.js:16
[  218227ms] [WARNING] You don't have permission to use DEVTOOL!【type = 6】 @ https://yurigarden.com/assets/index-LUNgUZnA.js:16
[  218729ms] [WARNING] You don't have permission to use DEVTOOL!【type = 6】 @ https://yurigarden.com/assets/index-LUNgUZnA.js:16
[  219224ms] [WARNING] You don't have permission to use DEVTOOL!【type = 6】 @ https://yurigarden.com/assets/index-LUNgUZnA.js:16
[  219722ms] [WARNING] You don't have permission to use DEVTOOL!【type = 6】 @ https://yurigarden.com/assets/index-LUNgUZnA.js:16
[  220219ms] [WARNING] You don't have permission to use DEVTOOL!【type = 6】 @ https://yurigarden.com/assets/index-LUNgUZnA.js:16
[  220724ms] [WARNING] You don't have permission to use DEVTOOL!【type = 6】 @ https://yurigarden.com/assets/index-LUNgUZnA.js:16
[  221222ms] [WARNING] You don't have permission to use DEVTOOL!【type = 6】 @ https://yurigarden.com/assets/index-LUNgUZnA.js:16
[  221726ms] [WARNING] You don't have permission to use DEVTOOL!【type = 6】 @ https://yurigarden.com/assets/index-LUNgUZnA.js:16
[  222229ms] [WARNING] You don't have permission to use DEVTOOL!【type = 6】 @ https://yurigarden.com/assets/index-LUNgUZnA.js:16
[  222725ms] [WARNING] You don't have permission to use DEVTOOL!【type = 6】 @ https://yurigarden.com/assets/index-LUNgUZnA.js:16
[  223231ms] [WARNING] You don't have permission to use DEVTOOL!【type = 6】 @ https://yurigarden.com/assets/index-LUNgUZnA.js:16
[  223728ms] [WARNING] You don't have permission to use DEVTOOL!【type = 6】 @ https://yurigarden.com/assets/index-LUNgUZnA.js:16
[  224229ms] [WARNING] You don't have permission to use DEVTOOL!【type = 6】 @ https://yurigarden.com/assets/index-LUNgUZnA.js:16
[  224728ms] [WARNING] You don't have permission to use DEVTOOL!【type = 6】 @ https://yurigarden.com/assets/index-LUNgUZnA.js:16
[  225223ms] [WARNING] You don't have permission to use DEVTOOL!【type = 6】 @ https://yurigarden.com/assets/index-LUNgUZnA.js:16
[  225725ms] [WARNING] You don't have permission to use DEVTOOL!【type = 6】 @ https://yurigarden.com/assets/index-LUNgUZnA.js:16
[  226223ms] [WARNING] You don't have permission to use DEVTOOL!【type = 6】 @ https://yurigarden.com/assets/index-LUNgUZnA.js:16
[  226727ms] [WARNING] You don't have permission to use DEVTOOL!【type = 6】 @ https://yurigarden.com/assets/index-LUNgUZnA.js:16
[  227226ms] [WARNING] You don't have permission to use DEVTOOL!【type = 6】 @ https://yurigarden.com/assets/index-LUNgUZnA.js:16
[  227725ms] [WARNING] You don't have permission to use DEVTOOL!【type = 6】 @ https://yurigarden.com/assets/index-LUNgUZnA.js:16
[  228224ms] [WARNING] You don't have permission to use DEVTOOL!【type = 6】 @ https://yurigarden.com/assets/index-LUNgUZnA.js:16
[  228727ms] [WARNING] You don't have permission to use DEVTOOL!【type = 6】 @ https://yurigarden.com/assets/index-LUNgUZnA.js:16
[  229227ms] [WARNING] You don't have permission to use DEVTOOL!【type = 6】 @ https://yurigarden.com/assets/index-LUNgUZnA.js:16
[  229722ms] [WARNING] You don't have permission to use DEVTOOL!【type = 6】 @ https://yurigarden.com/assets/index-LUNgUZnA.js:16
[  230225ms] [WARNING] You don't have permission to use DEVTOOL!【type = 6】 @ https://yurigarden.com/assets/index-LUNgUZnA.js:16
[  230717ms] [WARNING] You don't have permission to use DEVTOOL!【type = 6】 @ https://yurigarden.com/assets/index-LUNgUZnA.js:16
[  231216ms] [WARNING] You don't have permission to use DEVTOOL!【type = 6】 @ https://yurigarden.com/assets/index-LUNgUZnA.js:16
[  231712ms] [WARNING] You don't have permission to use DEVTOOL!【type = 6】 @ https://yurigarden.com/assets/index-LUNgUZnA.js:16
[  232240ms] [WARNING] You don't have permission to use DEVTOOL!【type = 6】 @ https://yurigarden.com/assets/index-LUNgUZnA.js:16
[  232748ms] [WARNING] You don't have permission to use DEVTOOL!【type = 6】 @ https://yurigarden.com/assets/index-LUNgUZnA.js:16
[  233237ms] [WARNING] You don't have permission to use DEVTOOL!【type = 6】 @ https://yurigarden.com/assets/index-LUNgUZnA.js:16
[  233741ms] [WARNING] You don't have permission to use DEVTOOL!【type = 6】 @ https://yurigarden.com/assets/index-LUNgUZnA.js:16
[  234233ms] [WARNING] You don't have permission to use DEVTOOL!【type = 6】 @ https://yurigarden.com/assets/index-LUNgUZnA.js:16
[  234746ms] [WARNING] You don't have permission to use DEVTOOL!【type = 6】 @ https://yurigarden.com/assets/index-LUNgUZnA.js:16
[  235251ms] [WARNING] You don't have permission to use DEVTOOL!【type = 6】 @ https://yurigarden.com/assets/index-LUNgUZnA.js:16
[  235744ms] [WARNING] You don't have permission to use DEVTOOL!【type = 6】 @ https://yurigarden.com/assets/index-LUNgUZnA.js:16
[  236242ms] [WARNING] You don't have permission to use DEVTOOL!【type = 6】 @ https://yurigarden.com/assets/index-LUNgUZnA.js:16
[  236736ms] [WARNING] You don't have permission to use DEVTOOL!【type = 6】 @ https://yurigarden.com/assets/index-LUNgUZnA.js:16
[  237239ms] [WARNING] You don't have permission to use DEVTOOL!【type = 6】 @ https://yurigarden.com/assets/index-LUNgUZnA.js:16
[  237740ms] [WARNING] You don't have permission to use DEVTOOL!【type = 6】 @ https://yurigarden.com/assets/index-LUNgUZnA.js:16
[  238241ms] [WARNING] You don't have permission to use DEVTOOL!【type = 6】 @ https://yurigarden.com/assets/index-LUNgUZnA.js:16
[  238743ms] [WARNING] You don't have permission to use DEVTOOL!【type = 6】 @ https://yurigarden.com/assets/index-LUNgUZnA.js:16
[  239240ms] [WARNING] You don't have permission to use DEVTOOL!【type = 6】 @ https://yurigarden.com/assets/index-LUNgUZnA.js:16
[  239744ms] [WARNING] You don't have permission to use DEVTOOL!【type = 6】 @ https://yurigarden.com/assets/index-LUNgUZnA.js:16
[  240248ms] [WARNING] You don't have permission to use DEVTOOL!【type = 6】 @ https://yurigarden.com/assets/index-LUNgUZnA.js:16
[  240755ms] [WARNING] You don't have permission to use DEVTOOL!【type = 6】 @ https://yurigarden.com/assets/index-LUNgUZnA.js:16
[  241256ms] [WARNING] You don't have permission to use DEVTOOL!【type = 6】 @ https://yurigarden.com/assets/index-LUNgUZnA.js:16
[  241743ms] [WARNING] You don't have permission to use DEVTOOL!【type = 6】 @ https://yurigarden.com/assets/index-LUNgUZnA.js:16
[  242271ms] [WARNING] You don't have permission to use DEVTOOL!【type = 6】 @ https://yurigarden.com/assets/index-LUNgUZnA.js:16
[  242748ms] [WARNING] You don't have permission to use DEVTOOL!【type = 6】 @ https://yurigarden.com/assets/index-LUNgUZnA.js:16
[  243242ms] [WARNING] You don't have permission to use DEVTOOL!【type = 6】 @ https://yurigarden.com/assets/index-LUNgUZnA.js:16
[  243746ms] [WARNING] You don't have permission to use DEVTOOL!【type = 6】 @ https://yurigarden.com/assets/index-LUNgUZnA.js:16
[  244232ms] [WARNING] You don't have permission to use DEVTOOL!【type = 6】 @ https://yurigarden.com/assets/index-LUNgUZnA.js:16
[  244741ms] [WARNING] You don't have permission to use DEVTOOL!【type = 6】 @ https://yurigarden.com/assets/index-LUNgUZnA.js:16
[  245240ms] [WARNING] You don't have permission to use DEVTOOL!【type = 6】 @ https://yurigarden.com/assets/index-LUNgUZnA.js:16
[  245745ms] [WARNING] You don't have permission to use DEVTOOL!【type = 6】 @ https://yurigarden.com/assets/index-LUNgUZnA.js:16
[  246244ms] [WARNING] You don't have permission to use DEVTOOL!【type = 6】 @ https://yurigarden.com/assets/index-LUNgUZnA.js:16
[  246739ms] [WARNING] You don't have permission to use DEVTOOL!【type = 6】 @ https://yurigarden.com/assets/index-LUNgUZnA.js:16
[  247237ms] [WARNING] You don't have permission to use DEVTOOL!【type = 6】 @ https://yurigarden.com/assets/index-LUNgUZnA.js:16
[  247749ms] [WARNING] You don't have permission to use DEVTOOL!【type = 6】 @ https://yurigarden.com/assets/index-LUNgUZnA.js:16
[  248244ms] [WARNING] You don't have permission to use DEVTOOL!【type = 6】 @ https://yurigarden.com/assets/index-LUNgUZnA.js:16
[  248745ms] [WARNING] You don't have permission to use DEVTOOL!【type = 6】 @ https://yurigarden.com/assets/index-LUNgUZnA.js:16
[  249248ms] [WARNING] You don't have permission to use DEVTOOL!【type = 6】 @ https://yurigarden.com/assets/index-LUNgUZnA.js:16
[  249742ms] [WARNING] You don't have permission to use DEVTOOL!【type = 6】 @ https://yurigarden.com/assets/index-LUNgUZnA.js:16
[  250235ms] [WARNING] You don't have permission to use DEVTOOL!【type = 6】 @ https://yurigarden.com/assets/index-LUNgUZnA.js:16
[  250738ms] [WARNING] You don't have permission to use DEVTOOL!【type = 6】 @ https://yurigarden.com/assets/index-LUNgUZnA.js:16
[  251250ms] [WARNING] You don't have permission to use DEVTOOL!【type = 6】 @ https://yurigarden.com/assets/index-LUNgUZnA.js:16
[  251744ms] [WARNING] You don't have permission to use DEVTOOL!【type = 6】 @ https://yurigarden.com/assets/index-LUNgUZnA.js:16
[  252240ms] [WARNING] You don't have permission to use DEVTOOL!【type = 6】 @ https://yurigarden.com/assets/index-LUNgUZnA.js:16
[  252755ms] [WARNING] You don't have permission to use DEVTOOL!【type = 6】 @ https://yurigarden.com/assets/index-LUNgUZnA.js:16
[  253260ms] [WARNING] You don't have permission to use DEVTOOL!【type = 6】 @ https://yurigarden.com/assets/index-LUNgUZnA.js:16
[  253739ms] [WARNING] You don't have permission to use DEVTOOL!【type = 6】 @ https://yurigarden.com/assets/index-LUNgUZnA.js:16
[  254233ms] [WARNING] You don't have permission to use DEVTOOL!【type = 6】 @ https://yurigarden.com/assets/index-LUNgUZnA.js:16
[  254732ms] [WARNING] You don't have permission to use DEVTOOL!【type = 6】 @ https://yurigarden.com/assets/index-LUNgUZnA.js:16
[  255240ms] [WARNING] You don't have permission to use DEVTOOL!【type = 6】 @ https://yurigarden.com/assets/index-LUNgUZnA.js:16
[  255734ms] [WARNING] You don't have permission to use DEVTOOL!【type = 6】 @ https://yurigarden.com/assets/index-LUNgUZnA.js:16
[  256238ms] [WARNING] You don't have permission to use DEVTOOL!【type = 6】 @ https://yurigarden.com/assets/index-LUNgUZnA.js:16
[  256752ms] [WARNING] You don't have permission to use DEVTOOL!【type = 6】 @ https://yurigarden.com/assets/index-LUNgUZnA.js:16
[  257248ms] [WARNING] You don't have permission to use DEVTOOL!【type = 6】 @ https://yurigarden.com/assets/index-LUNgUZnA.js:16
[  257746ms] [WARNING] You don't have permission to use DEVTOOL!【type = 6】 @ https://yurigarden.com/assets/index-LUNgUZnA.js:16
[  258242ms] [WARNING] You don't have permission to use DEVTOOL!【type = 6】 @ https://yurigarden.com/assets/index-LUNgUZnA.js:16
