[    1758ms] [ERROR] Failed to load resource: the server responded with a status of 403 () @ https://api.yurigarden.com/api/chapters/pages/4846:0
[    2247ms] [WARNING] You don't have permission to use DEVTOOL!【type = 6】 @ https://yurigarden.com/assets/index-LUNgUZnA.js:16
[    2553ms] [WARNING] You don't have permission to use DEVTOOL!【type = 6】 @ https://yurigarden.com/assets/index-LUNgUZnA.js:16
[    3015ms] [WARNING] You don't have permission to use DEVTOOL!【type = 6】 @ https://yurigarden.com/assets/index-LUNgUZnA.js:16
[    3502ms] [WARNING] You don't have permission to use DEVTOOL!【type = 6】 @ https://yurigarden.com/assets/index-LUNgUZnA.js:16
[    3996ms] [WARNING] You don't have permission to use DEVTOOL!【type = 6】 @ https://yurigarden.com/assets/index-LUNgUZnA.js:16
[    4508ms] [WARNING] You don't have permission to use DEVTOOL!【type = 6】 @ https://yurigarden.com/assets/index-LUNgUZnA.js:16
[    5010ms] [WARNING] You don't have permission to use DEVTOOL!【type = 6】 @ https://yurigarden.com/assets/index-LUNgUZnA.js:16
[    5509ms] [WARNING] You don't have permission to use DEVTOOL!【type = 6】 @ https://yurigarden.com/assets/index-LUNgUZnA.js:16
[    6009ms] [WARNING] You don't have permission to use DEVTOOL!【type = 6】 @ https://yurigarden.com/assets/index-LUNgUZnA.js:16
[    6507ms] [WARNING] You don't have permission to use DEVTOOL!【type = 6】 @ https://yurigarden.com/assets/index-LUNgUZnA.js:16
[    7019ms] [WARNING] You don't have permission to use DEVTOOL!【type = 6】 @ https://yurigarden.com/assets/index-LUNgUZnA.js:16
[    7511ms] [WARNING] You don't have permission to use DEVTOOL!【type = 6】 @ https://yurigarden.com/assets/index-LUNgUZnA.js:16
[    8009ms] [WARNING] You don't have permission to use DEVTOOL!【type = 6】 @ https://yurigarden.com/assets/index-LUNgUZnA.js:16
[    8509ms] [WARNING] You don't have permission to use DEVTOOL!【type = 6】 @ https://yurigarden.com/assets/index-LUNgUZnA.js:16
[    9007ms] [WARNING] You don't have permission to use DEVTOOL!【type = 6】 @ https://yurigarden.com/assets/index-LUNgUZnA.js:16
[    9518ms] [WARNING] You don't have permission to use DEVTOOL!【type = 6】 @ https://yurigarden.com/assets/index-LUNgUZnA.js:16
[   10016ms] [WARNING] You don't have permission to use DEVTOOL!【type = 6】 @ https://yurigarden.com/assets/index-LUNgUZnA.js:16
[   10512ms] [WARNING] You don't have permission to use DEVTOOL!【type = 6】 @ https://yurigarden.com/assets/index-LUNgUZnA.js:16
[   11008ms] [WARNING] You don't have permission to use DEVTOOL!【type = 6】 @ https://yurigarden.com/assets/index-LUNgUZnA.js:16
[   11511ms] [WARNING] You don't have permission to use DEVTOOL!【type = 6】 @ https://yurigarden.com/assets/index-LUNgUZnA.js:16
[   12012ms] [WARNING] You don't have permission to use DEVTOOL!【type = 6】 @ https://yurigarden.com/assets/index-LUNgUZnA.js:16
[   12506ms] [WARNING] You don't have permission to use DEVTOOL!【type = 6】 @ https://yurigarden.com/assets/index-LUNgUZnA.js:16
[   13005ms] [WARNING] You don't have permission to use DEVTOOL!【type = 6】 @ https://yurigarden.com/assets/index-LUNgUZnA.js:16
[   13506ms] [WARNING] You don't have permission to use DEVTOOL!【type = 6】 @ https://yurigarden.com/assets/index-LUNgUZnA.js:16
[   14009ms] [WARNING] You don't have permission to use DEVTOOL!【type = 6】 @ https://yurigarden.com/assets/index-LUNgUZnA.js:16
[   14511ms] [WARNING] You don't have permission to use DEVTOOL!【type = 6】 @ https://yurigarden.com/assets/index-LUNgUZnA.js:16
[   15006ms] [WARNING] You don't have permission to use DEVTOOL!【type = 6】 @ https://yurigarden.com/assets/index-LUNgUZnA.js:16
[   15505ms] [WARNING] You don't have permission to use DEVTOOL!【type = 6】 @ https://yurigarden.com/assets/index-LUNgUZnA.js:16
[   16012ms] [WARNING] You don't have permission to use DEVTOOL!【type = 6】 @ https://yurigarden.com/assets/index-LUNgUZnA.js:16
[   16507ms] [WARNING] You don't have permission to use DEVTOOL!【type = 6】 @ https://yurigarden.com/assets/index-LUNgUZnA.js:16
[   17020ms] [WARNING] You don't have permission to use DEVTOOL!【type = 6】 @ https://yurigarden.com/assets/index-LUNgUZnA.js:16
[   17510ms] [WARNING] You don't have permission to use DEVTOOL!【type = 6】 @ https://yurigarden.com/assets/index-LUNgUZnA.js:16
[   18007ms] [WARNING] You don't have permission to use DEVTOOL!【type = 6】 @ https://yurigarden.com/assets/index-LUNgUZnA.js:16
[   18508ms] [WARNING] You don't have permission to use DEVTOOL!【type = 6】 @ https://yurigarden.com/assets/index-LUNgUZnA.js:16
[   19009ms] [WARNING] You don't have permission to use DEVTOOL!【type = 6】 @ https://yurigarden.com/assets/index-LUNgUZnA.js:16
[   19507ms] [WARNING] You don't have permission to use DEVTOOL!【type = 6】 @ https://yurigarden.com/assets/index-LUNgUZnA.js:16
[   20008ms] [WARNING] You don't have permission to use DEVTOOL!【type = 6】 @ https://yurigarden.com/assets/index-LUNgUZnA.js:16
[   20503ms] [WARNING] You don't have permission to use DEVTOOL!【type = 6】 @ https://yurigarden.com/assets/index-LUNgUZnA.js:16
[   21006ms] [WARNING] You don't have permission to use DEVTOOL!【type = 6】 @ https://yurigarden.com/assets/index-LUNgUZnA.js:16
[   21504ms] [WARNING] You don't have permission to use DEVTOOL!【type = 6】 @ https://yurigarden.com/assets/index-LUNgUZnA.js:16
[   22002ms] [WARNING] You don't have permission to use DEVTOOL!【type = 6】 @ https://yurigarden.com/assets/index-LUNgUZnA.js:16
[   22503ms] [WARNING] You don't have permission to use DEVTOOL!【type = 6】 @ https://yurigarden.com/assets/index-LUNgUZnA.js:16
[   23011ms] [WARNING] You don't have permission to use DEVTOOL!【type = 6】 @ https://yurigarden.com/assets/index-LUNgUZnA.js:16
[   23511ms] [WARNING] You don't have permission to use DEVTOOL!【type = 6】 @ https://yurigarden.com/assets/index-LUNgUZnA.js:16
[   24012ms] [WARNING] You don't have permission to use DEVTOOL!【type = 6】 @ https://yurigarden.com/assets/index-LUNgUZnA.js:16
[   24524ms] [WARNING] You don't have permission to use DEVTOOL!【type = 6】 @ https://yurigarden.com/assets/index-LUNgUZnA.js:16
[   25015ms] [WARNING] You don't have permission to use DEVTOOL!【type = 6】 @ https://yurigarden.com/assets/index-LUNgUZnA.js:16
[   25504ms] [WARNING] You don't have permission to use DEVTOOL!【type = 6】 @ https://yurigarden.com/assets/index-LUNgUZnA.js:16
[   26003ms] [WARNING] You don't have permission to use DEVTOOL!【type = 6】 @ https://yurigarden.com/assets/index-LUNgUZnA.js:16
[   26505ms] [WARNING] You don't have permission to use DEVTOOL!【type = 6】 @ https://yurigarden.com/assets/index-LUNgUZnA.js:16
[   27005ms] [WARNING] You don't have permission to use DEVTOOL!【type = 6】 @ https://yurigarden.com/assets/index-LUNgUZnA.js:16
[   27504ms] [WARNING] You don't have permission to use DEVTOOL!【type = 6】 @ https://yurigarden.com/assets/index-LUNgUZnA.js:16
[   28000ms] [WARNING] You don't have permission to use DEVTOOL!【type = 6】 @ https://yurigarden.com/assets/index-LUNgUZnA.js:16
[   28502ms] [WARNING] You don't have permission to use DEVTOOL!【type = 6】 @ https://yurigarden.com/assets/index-LUNgUZnA.js:16
[   29000ms] [WARNING] You don't have permission to use DEVTOOL!【type = 6】 @ https://yurigarden.com/assets/index-LUNgUZnA.js:16
[   29504ms] [WARNING] You don't have permission to use DEVTOOL!【type = 6】 @ https://yurigarden.com/assets/index-LUNgUZnA.js:16
[   30032ms] [WARNING] You don't have permission to use DEVTOOL!【type = 6】 @ https://yurigarden.com/assets/index-LUNgUZnA.js:16
[   30505ms] [WARNING] You don't have permission to use DEVTOOL!【type = 6】 @ https://yurigarden.com/assets/index-LUNgUZnA.js:16
[   31021ms] [WARNING] You don't have permission to use DEVTOOL!【type = 6】 @ https://yurigarden.com/assets/index-LUNgUZnA.js:16
[   31515ms] [WARNING] You don't have permission to use DEVTOOL!【type = 6】 @ https://yurigarden.com/assets/index-LUNgUZnA.js:16
[   32010ms] [WARNING] You don't have permission to use DEVTOOL!【type = 6】 @ https://yurigarden.com/assets/index-LUNgUZnA.js:16
[   32508ms] [WARNING] You don't have permission to use DEVTOOL!【type = 6】 @ https://yurigarden.com/assets/index-LUNgUZnA.js:16
[   33005ms] [WARNING] You don't have permission to use DEVTOOL!【type = 6】 @ https://yurigarden.com/assets/index-LUNgUZnA.js:16
[   33509ms] [WARNING] You don't have permission to use DEVTOOL!【type = 6】 @ https://yurigarden.com/assets/index-LUNgUZnA.js:16
[   34001ms] [WARNING] You don't have permission to use DEVTOOL!【type = 6】 @ https://yurigarden.com/assets/index-LUNgUZnA.js:16
[   34498ms] [WARNING] You don't have permission to use DEVTOOL!【type = 6】 @ https://yurigarden.com/assets/index-LUNgUZnA.js:16
[   34997ms] [WARNING] You don't have permission to use DEVTOOL!【type = 6】 @ https://yurigarden.com/assets/index-LUNgUZnA.js:16
[   35498ms] [WARNING] You don't have permission to use DEVTOOL!【type = 6】 @ https://yurigarden.com/assets/index-LUNgUZnA.js:16
[   36010ms] [WARNING] You don't have permission to use DEVTOOL!【type = 6】 @ https://yurigarden.com/assets/index-LUNgUZnA.js:16
[   36497ms] [WARNING] You don't have permission to use DEVTOOL!【type = 6】 @ https://yurigarden.com/assets/index-LUNgUZnA.js:16
[   37004ms] [WARNING] You don't have permission to use DEVTOOL!【type = 6】 @ https://yurigarden.com/assets/index-LUNgUZnA.js:16
[   37516ms] [WARNING] You don't have permission to use DEVTOOL!【type = 6】 @ https://yurigarden.com/assets/index-LUNgUZnA.js:16
[   37998ms] [WARNING] You don't have permission to use DEVTOOL!【type = 6】 @ https://yurigarden.com/assets/index-LUNgUZnA.js:16
[   38502ms] [WARNING] You don't have permission to use DEVTOOL!【type = 6】 @ https://yurigarden.com/assets/index-LUNgUZnA.js:16
[   39005ms] [WARNING] You don't have permission to use DEVTOOL!【type = 6】 @ https://yurigarden.com/assets/index-LUNgUZnA.js:16
[   39508ms] [WARNING] You don't have permission to use DEVTOOL!【type = 6】 @ https://yurigarden.com/assets/index-LUNgUZnA.js:16
[   40005ms] [WARNING] You don't have permission to use DEVTOOL!【type = 6】 @ https://yurigarden.com/assets/index-LUNgUZnA.js:16
[   40504ms] [WARNING] You don't have permission to use DEVTOOL!【type = 6】 @ https://yurigarden.com/assets/index-LUNgUZnA.js:16
[   41005ms] [WARNING] You don't have permission to use DEVTOOL!【type = 6】 @ https://yurigarden.com/assets/index-LUNgUZnA.js:16
[   41503ms] [WARNING] You don't have permission to use DEVTOOL!【type = 6】 @ https://yurigarden.com/assets/index-LUNgUZnA.js:16
[   41998ms] [WARNING] You don't have permission to use DEVTOOL!【type = 6】 @ https://yurigarden.com/assets/index-LUNgUZnA.js:16
[   42505ms] [WARNING] You don't have permission to use DEVTOOL!【type = 6】 @ https://yurigarden.com/assets/index-LUNgUZnA.js:16
[   43012ms] [WARNING] You don't have permission to use DEVTOOL!【type = 6】 @ https://yurigarden.com/assets/index-LUNgUZnA.js:16
[   43507ms] [WARNING] You don't have permission to use DEVTOOL!【type = 6】 @ https://yurigarden.com/assets/index-LUNgUZnA.js:16
[   44007ms] [WARNING] You don't have permission to use DEVTOOL!【type = 6】 @ https://yurigarden.com/assets/index-LUNgUZnA.js:16
[   44502ms] [WARNING] You don't have permission to use DEVTOOL!【type = 6】 @ https://yurigarden.com/assets/index-LUNgUZnA.js:16
[   45007ms] [WARNING] You don't have permission to use DEVTOOL!【type = 6】 @ https://yurigarden.com/assets/index-LUNgUZnA.js:16
[   45508ms] [WARNING] You don't have permission to use DEVTOOL!【type = 6】 @ https://yurigarden.com/assets/index-LUNgUZnA.js:16
[   46005ms] [WARNING] You don't have permission to use DEVTOOL!【type = 6】 @ https://yurigarden.com/assets/index-LUNgUZnA.js:16
[   46512ms] [WARNING] You don't have permission to use DEVTOOL!【type = 6】 @ https://yurigarden.com/assets/index-LUNgUZnA.js:16
[   47005ms] [WARNING] You don't have permission to use DEVTOOL!【type = 6】 @ https://yurigarden.com/assets/index-LUNgUZnA.js:16
[   47510ms] [WARNING] You don't have permission to use DEVTOOL!【type = 6】 @ https://yurigarden.com/assets/index-LUNgUZnA.js:16
[   48008ms] [WARNING] You don't have permission to use DEVTOOL!【type = 6】 @ https://yurigarden.com/assets/index-LUNgUZnA.js:16
[   48507ms] [WARNING] You don't have permission to use DEVTOOL!【type = 6】 @ https://yurigarden.com/assets/index-LUNgUZnA.js:16
[   49004ms] [WARNING] You don't have permission to use DEVTOOL!【type = 6】 @ https://yurigarden.com/assets/index-LUNgUZnA.js:16
[   49501ms] [WARNING] You don't have permission to use DEVTOOL!【type = 6】 @ https://yurigarden.com/assets/index-LUNgUZnA.js:16
[   50005ms] [WARNING] You don't have permission to use DEVTOOL!【type = 6】 @ https://yurigarden.com/assets/index-LUNgUZnA.js:16
[   50500ms] [WARNING] You don't have permission to use DEVTOOL!【type = 6】 @ https://yurigarden.com/assets/index-LUNgUZnA.js:16
[   51002ms] [WARNING] You don't have permission to use DEVTOOL!【type = 6】 @ https://yurigarden.com/assets/index-LUNgUZnA.js:16
[   51496ms] [WARNING] You don't have permission to use DEVTOOL!【type = 6】 @ https://yurigarden.com/assets/index-LUNgUZnA.js:16
[   52006ms] [WARNING] You don't have permission to use DEVTOOL!【type = 6】 @ https://yurigarden.com/assets/index-LUNgUZnA.js:16
[   52503ms] [WARNING] You don't have permission to use DEVTOOL!【type = 6】 @ https://yurigarden.com/assets/index-LUNgUZnA.js:16
[   53010ms] [WARNING] You don't have permission to use DEVTOOL!【type = 6】 @ https://yurigarden.com/assets/index-LUNgUZnA.js:16
[   54552ms] [ERROR] Failed to load resource: the server responded with a status of 403 (Forbidden) @ https://api.yurigarden.com/api/chapters/pages/4846:0
[   54836ms] [WARNING] You don't have permission to use DEVTOOL!【type = 6】 @ https://yurigarden.com/assets/index-LUNgUZnA.js:16
[   55230ms] [WARNING] You don't have permission to use DEVTOOL!【type = 6】 @ https://yurigarden.com/assets/index-LUNgUZnA.js:16
[   55722ms] [WARNING] You don't have permission to use DEVTOOL!【type = 6】 @ https://yurigarden.com/assets/index-LUNgUZnA.js:16
[   56220ms] [WARNING] You don't have permission to use DEVTOOL!【type = 6】 @ https://yurigarden.com/assets/index-LUNgUZnA.js:16
[   56723ms] [WARNING] You don't have permission to use DEVTOOL!【type = 6】 @ https://yurigarden.com/assets/index-LUNgUZnA.js:16
[   57223ms] [WARNING] You don't have permission to use DEVTOOL!【type = 6】 @ https://yurigarden.com/assets/index-LUNgUZnA.js:16
[   57721ms] [WARNING] You don't have permission to use DEVTOOL!【type = 6】 @ https://yurigarden.com/assets/index-LUNgUZnA.js:16
[   58225ms] [WARNING] You don't have permission to use DEVTOOL!【type = 6】 @ https://yurigarden.com/assets/index-LUNgUZnA.js:16
[   58728ms] [WARNING] You don't have permission to use DEVTOOL!【type = 6】 @ https://yurigarden.com/assets/index-LUNgUZnA.js:16
[   59222ms] [WARNING] You don't have permission to use DEVTOOL!【type = 6】 @ https://yurigarden.com/assets/index-LUNgUZnA.js:16
[   59724ms] [WARNING] You don't have permission to use DEVTOOL!【type = 6】 @ https://yurigarden.com/assets/index-LUNgUZnA.js:16
[   60225ms] [WARNING] You don't have permission to use DEVTOOL!【type = 6】 @ https://yurigarden.com/assets/index-LUNgUZnA.js:16
[   60724ms] [WARNING] You don't have permission to use DEVTOOL!【type = 6】 @ https://yurigarden.com/assets/index-LUNgUZnA.js:16
[   61222ms] [WARNING] You don't have permission to use DEVTOOL!【type = 6】 @ https://yurigarden.com/assets/index-LUNgUZnA.js:16
[   61721ms] [WARNING] You don't have permission to use DEVTOOL!【type = 6】 @ https://yurigarden.com/assets/index-LUNgUZnA.js:16
[   62222ms] [WARNING] You don't have permission to use DEVTOOL!【type = 6】 @ https://yurigarden.com/assets/index-LUNgUZnA.js:16
[   62726ms] [WARNING] You don't have permission to use DEVTOOL!【type = 6】 @ https://yurigarden.com/assets/index-LUNgUZnA.js:16
[   63224ms] [WARNING] You don't have permission to use DEVTOOL!【type = 6】 @ https://yurigarden.com/assets/index-LUNgUZnA.js:16
[   63723ms] [WARNING] You don't have permission to use DEVTOOL!【type = 6】 @ https://yurigarden.com/assets/index-LUNgUZnA.js:16
[   64224ms] [WARNING] You don't have permission to use DEVTOOL!【type = 6】 @ https://yurigarden.com/assets/index-LUNgUZnA.js:16
[   64725ms] [WARNING] You don't have permission to use DEVTOOL!【type = 6】 @ https://yurigarden.com/assets/index-LUNgUZnA.js:16
[   65228ms] [WARNING] You don't have permission to use DEVTOOL!【type = 6】 @ https://yurigarden.com/assets/index-LUNgUZnA.js:16
[   65721ms] [WARNING] You don't have permission to use DEVTOOL!【type = 6】 @ https://yurigarden.com/assets/index-LUNgUZnA.js:16
[   66224ms] [WARNING] You don't have permission to use DEVTOOL!【type = 6】 @ https://yurigarden.com/assets/index-LUNgUZnA.js:16
[   66722ms] [WARNING] You don't have permission to use DEVTOOL!【type = 6】 @ https://yurigarden.com/assets/index-LUNgUZnA.js:16
[   67225ms] [WARNING] You don't have permission to use DEVTOOL!【type = 6】 @ https://yurigarden.com/assets/index-LUNgUZnA.js:16
[   67719ms] [WARNING] You don't have permission to use DEVTOOL!【type = 6】 @ https://yurigarden.com/assets/index-LUNgUZnA.js:16
[   68215ms] [WARNING] You don't have permission to use DEVTOOL!【type = 6】 @ https://yurigarden.com/assets/index-LUNgUZnA.js:16
[   68715ms] [WARNING] You don't have permission to use DEVTOOL!【type = 6】 @ https://yurigarden.com/assets/index-LUNgUZnA.js:16
[   69236ms] [WARNING] You don't have permission to use DEVTOOL!【type = 6】 @ https://yurigarden.com/assets/index-LUNgUZnA.js:16
[   69727ms] [WARNING] You don't have permission to use DEVTOOL!【type = 6】 @ https://yurigarden.com/assets/index-LUNgUZnA.js:16
[   70251ms] [WARNING] You don't have permission to use DEVTOOL!【type = 6】 @ https://yurigarden.com/assets/index-LUNgUZnA.js:16
[   70732ms] [WARNING] You don't have permission to use DEVTOOL!【type = 6】 @ https://yurigarden.com/assets/index-LUNgUZnA.js:16
[   71231ms] [WARNING] You don't have permission to use DEVTOOL!【type = 6】 @ https://yurigarden.com/assets/index-LUNgUZnA.js:16
[   71726ms] [WARNING] You don't have permission to use DEVTOOL!【type = 6】 @ https://yurigarden.com/assets/index-LUNgUZnA.js:16
[   72221ms] [WARNING] You don't have permission to use DEVTOOL!【type = 6】 @ https://yurigarden.com/assets/index-LUNgUZnA.js:16
[   72718ms] [WARNING] You don't have permission to use DEVTOOL!【type = 6】 @ https://yurigarden.com/assets/index-LUNgUZnA.js:16
[   73231ms] [WARNING] You don't have permission to use DEVTOOL!【type = 6】 @ https://yurigarden.com/assets/index-LUNgUZnA.js:16
[   73733ms] [WARNING] You don't have permission to use DEVTOOL!【type = 6】 @ https://yurigarden.com/assets/index-LUNgUZnA.js:16
[   74224ms] [WARNING] You don't have permission to use DEVTOOL!【type = 6】 @ https://yurigarden.com/assets/index-LUNgUZnA.js:16
[   74730ms] [WARNING] You don't have permission to use DEVTOOL!【type = 6】 @ https://yurigarden.com/assets/index-LUNgUZnA.js:16
[   75228ms] [WARNING] You don't have permission to use DEVTOOL!【type = 6】 @ https://yurigarden.com/assets/index-LUNgUZnA.js:16
[   75734ms] [WARNING] You don't have permission to use DEVTOOL!【type = 6】 @ https://yurigarden.com/assets/index-LUNgUZnA.js:16
[   76239ms] [WARNING] You don't have permission to use DEVTOOL!【type = 6】 @ https://yurigarden.com/assets/index-LUNgUZnA.js:16
[   76737ms] [WARNING] You don't have permission to use DEVTOOL!【type = 6】 @ https://yurigarden.com/assets/index-LUNgUZnA.js:16
[   77232ms] [WARNING] You don't have permission to use DEVTOOL!【type = 6】 @ https://yurigarden.com/assets/index-LUNgUZnA.js:16
[   77734ms] [WARNING] You don't have permission to use DEVTOOL!【type = 6】 @ https://yurigarden.com/assets/index-LUNgUZnA.js:16
[   78227ms] [WARNING] You don't have permission to use DEVTOOL!【type = 6】 @ https://yurigarden.com/assets/index-LUNgUZnA.js:16
[   78730ms] [WARNING] You don't have permission to use DEVTOOL!【type = 6】 @ https://yurigarden.com/assets/index-LUNgUZnA.js:16
[   79245ms] [WARNING] You don't have permission to use DEVTOOL!【type = 6】 @ https://yurigarden.com/assets/index-LUNgUZnA.js:16
[   79724ms] [WARNING] You don't have permission to use DEVTOOL!【type = 6】 @ https://yurigarden.com/assets/index-LUNgUZnA.js:16
[   80226ms] [WARNING] You don't have permission to use DEVTOOL!【type = 6】 @ https://yurigarden.com/assets/index-LUNgUZnA.js:16
[   80728ms] [WARNING] You don't have permission to use DEVTOOL!【type = 6】 @ https://yurigarden.com/assets/index-LUNgUZnA.js:16
[   81224ms] [WARNING] You don't have permission to use DEVTOOL!【type = 6】 @ https://yurigarden.com/assets/index-LUNgUZnA.js:16
[   81720ms] [WARNING] You don't have permission to use DEVTOOL!【type = 6】 @ https://yurigarden.com/assets/index-LUNgUZnA.js:16
[   82227ms] [WARNING] You don't have permission to use DEVTOOL!【type = 6】 @ https://yurigarden.com/assets/index-LUNgUZnA.js:16
[   82721ms] [WARNING] You don't have permission to use DEVTOOL!【type = 6】 @ https://yurigarden.com/assets/index-LUNgUZnA.js:16
[   83224ms] [WARNING] You don't have permission to use DEVTOOL!【type = 6】 @ https://yurigarden.com/assets/index-LUNgUZnA.js:16
[   83718ms] [WARNING] You don't have permission to use DEVTOOL!【type = 6】 @ https://yurigarden.com/assets/index-LUNgUZnA.js:16
[   84232ms] [WARNING] You don't have permission to use DEVTOOL!【type = 6】 @ https://yurigarden.com/assets/index-LUNgUZnA.js:16
[   84719ms] [WARNING] You don't have permission to use DEVTOOL!【type = 6】 @ https://yurigarden.com/assets/index-LUNgUZnA.js:16
[   85230ms] [WARNING] You don't have permission to use DEVTOOL!【type = 6】 @ https://yurigarden.com/assets/index-LUNgUZnA.js:16
[   85720ms] [WARNING] You don't have permission to use DEVTOOL!【type = 6】 @ https://yurigarden.com/assets/index-LUNgUZnA.js:16
[   86227ms] [WARNING] You don't have permission to use DEVTOOL!【type = 6】 @ https://yurigarden.com/assets/index-LUNgUZnA.js:16
[   86733ms] [WARNING] You don't have permission to use DEVTOOL!【type = 6】 @ https://yurigarden.com/assets/index-LUNgUZnA.js:16
[   87228ms] [WARNING] You don't have permission to use DEVTOOL!【type = 6】 @ https://yurigarden.com/assets/index-LUNgUZnA.js:16
[   87728ms] [WARNING] You don't have permission to use DEVTOOL!【type = 6】 @ https://yurigarden.com/assets/index-LUNgUZnA.js:16
[   88229ms] [WARNING] You don't have permission to use DEVTOOL!【type = 6】 @ https://yurigarden.com/assets/index-LUNgUZnA.js:16
[   88732ms] [WARNING] You don't have permission to use DEVTOOL!【type = 6】 @ https://yurigarden.com/assets/index-LUNgUZnA.js:16
[   89231ms] [WARNING] You don't have permission to use DEVTOOL!【type = 6】 @ https://yurigarden.com/assets/index-LUNgUZnA.js:16
[   89728ms] [WARNING] You don't have permission to use DEVTOOL!【type = 6】 @ https://yurigarden.com/assets/index-LUNgUZnA.js:16
[   90234ms] [WARNING] You don't have permission to use DEVTOOL!【type = 6】 @ https://yurigarden.com/assets/index-LUNgUZnA.js:16
[   90729ms] [WARNING] You don't have permission to use DEVTOOL!【type = 6】 @ https://yurigarden.com/assets/index-LUNgUZnA.js:16
[   91232ms] [WARNING] You don't have permission to use DEVTOOL!【type = 6】 @ https://yurigarden.com/assets/index-LUNgUZnA.js:16
[   91734ms] [WARNING] You don't have permission to use DEVTOOL!【type = 6】 @ https://yurigarden.com/assets/index-LUNgUZnA.js:16
[   92223ms] [WARNING] You don't have permission to use DEVTOOL!【type = 6】 @ https://yurigarden.com/assets/index-LUNgUZnA.js:16
[   92720ms] [WARNING] You don't have permission to use DEVTOOL!【type = 6】 @ https://yurigarden.com/assets/index-LUNgUZnA.js:16
[   93222ms] [WARNING] You don't have permission to use DEVTOOL!【type = 6】 @ https://yurigarden.com/assets/index-LUNgUZnA.js:16
[   93721ms] [WARNING] You don't have permission to use DEVTOOL!【type = 6】 @ https://yurigarden.com/assets/index-LUNgUZnA.js:16
[   94221ms] [WARNING] You don't have permission to use DEVTOOL!【type = 6】 @ https://yurigarden.com/assets/index-LUNgUZnA.js:16
[   94722ms] [WARNING] You don't have permission to use DEVTOOL!【type = 6】 @ https://yurigarden.com/assets/index-LUNgUZnA.js:16
[   95219ms] [WARNING] You don't have permission to use DEVTOOL!【type = 6】 @ https://yurigarden.com/assets/index-LUNgUZnA.js:16
[   95719ms] [WARNING] You don't have permission to use DEVTOOL!【type = 6】 @ https://yurigarden.com/assets/index-LUNgUZnA.js:16
[   96230ms] [WARNING] You don't have permission to use DEVTOOL!【type = 6】 @ https://yurigarden.com/assets/index-LUNgUZnA.js:16
[   96719ms] [WARNING] You don't have permission to use DEVTOOL!【type = 6】 @ https://yurigarden.com/assets/index-LUNgUZnA.js:16
[   97218ms] [WARNING] You don't have permission to use DEVTOOL!【type = 6】 @ https://yurigarden.com/assets/index-LUNgUZnA.js:16
[   97721ms] [WARNING] You don't have permission to use DEVTOOL!【type = 6】 @ https://yurigarden.com/assets/index-LUNgUZnA.js:16
[   98222ms] [WARNING] You don't have permission to use DEVTOOL!【type = 6】 @ https://yurigarden.com/assets/index-LUNgUZnA.js:16
[   98727ms] [WARNING] You don't have permission to use DEVTOOL!【type = 6】 @ https://yurigarden.com/assets/index-LUNgUZnA.js:16
[   99220ms] [WARNING] You don't have permission to use DEVTOOL!【type = 6】 @ https://yurigarden.com/assets/index-LUNgUZnA.js:16
[   99723ms] [WARNING] You don't have permission to use DEVTOOL!【type = 6】 @ https://yurigarden.com/assets/index-LUNgUZnA.js:16
[  100241ms] [WARNING] You don't have permission to use DEVTOOL!【type = 6】 @ https://yurigarden.com/assets/index-LUNgUZnA.js:16
[  100725ms] [WARNING] You don't have permission to use DEVTOOL!【type = 6】 @ https://yurigarden.com/assets/index-LUNgUZnA.js:16
[  101236ms] [WARNING] You don't have permission to use DEVTOOL!【type = 6】 @ https://yurigarden.com/assets/index-LUNgUZnA.js:16
[  101728ms] [WARNING] You don't have permission to use DEVTOOL!【type = 6】 @ https://yurigarden.com/assets/index-LUNgUZnA.js:16
[  102226ms] [WARNING] You don't have permission to use DEVTOOL!【type = 6】 @ https://yurigarden.com/assets/index-LUNgUZnA.js:16
[  102719ms] [WARNING] You don't have permission to use DEVTOOL!【type = 6】 @ https://yurigarden.com/assets/index-LUNgUZnA.js:16
[  103228ms] [WARNING] You don't have permission to use DEVTOOL!【type = 6】 @ https://yurigarden.com/assets/index-LUNgUZnA.js:16
[  103728ms] [WARNING] You don't have permission to use DEVTOOL!【type = 6】 @ https://yurigarden.com/assets/index-LUNgUZnA.js:16
[  104219ms] [WARNING] You don't have permission to use DEVTOOL!【type = 6】 @ https://yurigarden.com/assets/index-LUNgUZnA.js:16
[  104729ms] [WARNING] You don't have permission to use DEVTOOL!【type = 6】 @ https://yurigarden.com/assets/index-LUNgUZnA.js:16
[  105222ms] [WARNING] You don't have permission to use DEVTOOL!【type = 6】 @ https://yurigarden.com/assets/index-LUNgUZnA.js:16
[  105727ms] [WARNING] You don't have permission to use DEVTOOL!【type = 6】 @ https://yurigarden.com/assets/index-LUNgUZnA.js:16
[  106223ms] [WARNING] You don't have permission to use DEVTOOL!【type = 6】 @ https://yurigarden.com/assets/index-LUNgUZnA.js:16
[  106715ms] [WARNING] You don't have permission to use DEVTOOL!【type = 6】 @ https://yurigarden.com/assets/index-LUNgUZnA.js:16
[  107220ms] [WARNING] You don't have permission to use DEVTOOL!【type = 6】 @ https://yurigarden.com/assets/index-LUNgUZnA.js:16
[  107718ms] [WARNING] You don't have permission to use DEVTOOL!【type = 6】 @ https://yurigarden.com/assets/index-LUNgUZnA.js:16
[  108216ms] [WARNING] You don't have permission to use DEVTOOL!【type = 6】 @ https://yurigarden.com/assets/index-LUNgUZnA.js:16
[  108717ms] [WARNING] You don't have permission to use DEVTOOL!【type = 6】 @ https://yurigarden.com/assets/index-LUNgUZnA.js:16
[  109222ms] [WARNING] You don't have permission to use DEVTOOL!【type = 6】 @ https://yurigarden.com/assets/index-LUNgUZnA.js:16
[  109720ms] [WARNING] You don't have permission to use DEVTOOL!【type = 6】 @ https://yurigarden.com/assets/index-LUNgUZnA.js:16
[  110225ms] [WARNING] You don't have permission to use DEVTOOL!【type = 6】 @ https://yurigarden.com/assets/index-LUNgUZnA.js:16
[  110719ms] [WARNING] You don't have permission to use DEVTOOL!【type = 6】 @ https://yurigarden.com/assets/index-LUNgUZnA.js:16
[  111219ms] [WARNING] You don't have permission to use DEVTOOL!【type = 6】 @ https://yurigarden.com/assets/index-LUNgUZnA.js:16
[  111718ms] [WARNING] You don't have permission to use DEVTOOL!【type = 6】 @ https://yurigarden.com/assets/index-LUNgUZnA.js:16
[  112223ms] [WARNING] You don't have permission to use DEVTOOL!【type = 6】 @ https://yurigarden.com/assets/index-LUNgUZnA.js:16
[  112719ms] [WARNING] You don't have permission to use DEVTOOL!【type = 6】 @ https://yurigarden.com/assets/index-LUNgUZnA.js:16
[  113216ms] [WARNING] You don't have permission to use DEVTOOL!【type = 6】 @ https://yurigarden.com/assets/index-LUNgUZnA.js:16
[  113723ms] [WARNING] You don't have permission to use DEVTOOL!【type = 6】 @ https://yurigarden.com/assets/index-LUNgUZnA.js:16
[  114227ms] [WARNING] You don't have permission to use DEVTOOL!【type = 6】 @ https://yurigarden.com/assets/index-LUNgUZnA.js:16
[  114726ms] [WARNING] You don't have permission to use DEVTOOL!【type = 6】 @ https://yurigarden.com/assets/index-LUNgUZnA.js:16
[  115221ms] [WARNING] You don't have permission to use DEVTOOL!【type = 6】 @ https://yurigarden.com/assets/index-LUNgUZnA.js:16
[  115721ms] [WARNING] You don't have permission to use DEVTOOL!【type = 6】 @ https://yurigarden.com/assets/index-LUNgUZnA.js:16
[  116229ms] [WARNING] You don't have permission to use DEVTOOL!【type = 6】 @ https://yurigarden.com/assets/index-LUNgUZnA.js:16
[  116719ms] [WARNING] You don't have permission to use DEVTOOL!【type = 6】 @ https://yurigarden.com/assets/index-LUNgUZnA.js:16
[  117221ms] [WARNING] You don't have permission to use DEVTOOL!【type = 6】 @ https://yurigarden.com/assets/index-LUNgUZnA.js:16
[  117719ms] [WARNING] You don't have permission to use DEVTOOL!【type = 6】 @ https://yurigarden.com/assets/index-LUNgUZnA.js:16
[  118225ms] [WARNING] You don't have permission to use DEVTOOL!【type = 6】 @ https://yurigarden.com/assets/index-LUNgUZnA.js:16
[  118727ms] [WARNING] You don't have permission to use DEVTOOL!【type = 6】 @ https://yurigarden.com/assets/index-LUNgUZnA.js:16
[  119223ms] [WARNING] You don't have permission to use DEVTOOL!【type = 6】 @ https://yurigarden.com/assets/index-LUNgUZnA.js:16
[  119730ms] [WARNING] You don't have permission to use DEVTOOL!【type = 6】 @ https://yurigarden.com/assets/index-LUNgUZnA.js:16
[  120221ms] [WARNING] You don't have permission to use DEVTOOL!【type = 6】 @ https://yurigarden.com/assets/index-LUNgUZnA.js:16
[  120725ms] [WARNING] You don't have permission to use DEVTOOL!【type = 6】 @ https://yurigarden.com/assets/index-LUNgUZnA.js:16
[  121229ms] [WARNING] You don't have permission to use DEVTOOL!【type = 6】 @ https://yurigarden.com/assets/index-LUNgUZnA.js:16
[  121723ms] [WARNING] You don't have permission to use DEVTOOL!【type = 6】 @ https://yurigarden.com/assets/index-LUNgUZnA.js:16
[  122221ms] [WARNING] You don't have permission to use DEVTOOL!【type = 6】 @ https://yurigarden.com/assets/index-LUNgUZnA.js:16
[  122724ms] [WARNING] You don't have permission to use DEVTOOL!【type = 6】 @ https://yurigarden.com/assets/index-LUNgUZnA.js:16
[  123226ms] [WARNING] You don't have permission to use DEVTOOL!【type = 6】 @ https://yurigarden.com/assets/index-LUNgUZnA.js:16
[  123723ms] [WARNING] You don't have permission to use DEVTOOL!【type = 6】 @ https://yurigarden.com/assets/index-LUNgUZnA.js:16
[  124231ms] [WARNING] You don't have permission to use DEVTOOL!【type = 6】 @ https://yurigarden.com/assets/index-LUNgUZnA.js:16
[  124720ms] [WARNING] You don't have permission to use DEVTOOL!【type = 6】 @ https://yurigarden.com/assets/index-LUNgUZnA.js:16
[  125222ms] [WARNING] You don't have permission to use DEVTOOL!【type = 6】 @ https://yurigarden.com/assets/index-LUNgUZnA.js:16
[  125734ms] [WARNING] You don't have permission to use DEVTOOL!【type = 6】 @ https://yurigarden.com/assets/index-LUNgUZnA.js:16
[  126231ms] [WARNING] You don't have permission to use DEVTOOL!【type = 6】 @ https://yurigarden.com/assets/index-LUNgUZnA.js:16
[  126739ms] [WARNING] You don't have permission to use DEVTOOL!【type = 6】 @ https://yurigarden.com/assets/index-LUNgUZnA.js:16
[  127226ms] [WARNING] You don't have permission to use DEVTOOL!【type = 6】 @ https://yurigarden.com/assets/index-LUNgUZnA.js:16
[  127726ms] [WARNING] You don't have permission to use DEVTOOL!【type = 6】 @ https://yurigarden.com/assets/index-LUNgUZnA.js:16
[  128229ms] [WARNING] You don't have permission to use DEVTOOL!【type = 6】 @ https://yurigarden.com/assets/index-LUNgUZnA.js:16
[  128730ms] [WARNING] You don't have permission to use DEVTOOL!【type = 6】 @ https://yurigarden.com/assets/index-LUNgUZnA.js:16
[  129227ms] [WARNING] You don't have permission to use DEVTOOL!【type = 6】 @ https://yurigarden.com/assets/index-LUNgUZnA.js:16
[  129725ms] [WARNING] You don't have permission to use DEVTOOL!【type = 6】 @ https://yurigarden.com/assets/index-LUNgUZnA.js:16
[  130228ms] [WARNING] You don't have permission to use DEVTOOL!【type = 6】 @ https://yurigarden.com/assets/index-LUNgUZnA.js:16
[  130728ms] [WARNING] You don't have permission to use DEVTOOL!【type = 6】 @ https://yurigarden.com/assets/index-LUNgUZnA.js:16
[  131236ms] [WARNING] You don't have permission to use DEVTOOL!【type = 6】 @ https://yurigarden.com/assets/index-LUNgUZnA.js:16
[  131727ms] [WARNING] You don't have permission to use DEVTOOL!【type = 6】 @ https://yurigarden.com/assets/index-LUNgUZnA.js:16
[  132221ms] [WARNING] You don't have permission to use DEVTOOL!【type = 6】 @ https://yurigarden.com/assets/index-LUNgUZnA.js:16
[  132738ms] [WARNING] You don't have permission to use DEVTOOL!【type = 6】 @ https://yurigarden.com/assets/index-LUNgUZnA.js:16
[  133239ms] [WARNING] You don't have permission to use DEVTOOL!【type = 6】 @ https://yurigarden.com/assets/index-LUNgUZnA.js:16
[  133740ms] [WARNING] You don't have permission to use DEVTOOL!【type = 6】 @ https://yurigarden.com/assets/index-LUNgUZnA.js:16
[  134232ms] [WARNING] You don't have permission to use DEVTOOL!【type = 6】 @ https://yurigarden.com/assets/index-LUNgUZnA.js:16
[  134723ms] [WARNING] You don't have permission to use DEVTOOL!【type = 6】 @ https://yurigarden.com/assets/index-LUNgUZnA.js:16
[  135230ms] [WARNING] You don't have permission to use DEVTOOL!【type = 6】 @ https://yurigarden.com/assets/index-LUNgUZnA.js:16
[  135726ms] [WARNING] You don't have permission to use DEVTOOL!【type = 6】 @ https://yurigarden.com/assets/index-LUNgUZnA.js:16
[  136231ms] [WARNING] You don't have permission to use DEVTOOL!【type = 6】 @ https://yurigarden.com/assets/index-LUNgUZnA.js:16
[  136726ms] [WARNING] You don't have permission to use DEVTOOL!【type = 6】 @ https://yurigarden.com/assets/index-LUNgUZnA.js:16
[  137234ms] [WARNING] You don't have permission to use DEVTOOL!【type = 6】 @ https://yurigarden.com/assets/index-LUNgUZnA.js:16
[  137730ms] [WARNING] You don't have permission to use DEVTOOL!【type = 6】 @ https://yurigarden.com/assets/index-LUNgUZnA.js:16
[  138224ms] [WARNING] You don't have permission to use DEVTOOL!【type = 6】 @ https://yurigarden.com/assets/index-LUNgUZnA.js:16
[  138730ms] [WARNING] You don't have permission to use DEVTOOL!【type = 6】 @ https://yurigarden.com/assets/index-LUNgUZnA.js:16
[  139231ms] [WARNING] You don't have permission to use DEVTOOL!【type = 6】 @ https://yurigarden.com/assets/index-LUNgUZnA.js:16
[  139735ms] [WARNING] You don't have permission to use DEVTOOL!【type = 6】 @ https://yurigarden.com/assets/index-LUNgUZnA.js:16
[  140230ms] [WARNING] You don't have permission to use DEVTOOL!【type = 6】 @ https://yurigarden.com/assets/index-LUNgUZnA.js:16
[  140728ms] [WARNING] You don't have permission to use DEVTOOL!【type = 6】 @ https://yurigarden.com/assets/index-LUNgUZnA.js:16
[  141230ms] [WARNING] You don't have permission to use DEVTOOL!【type = 6】 @ https://yurigarden.com/assets/index-LUNgUZnA.js:16
[  141735ms] [WARNING] You don't have permission to use DEVTOOL!【type = 6】 @ https://yurigarden.com/assets/index-LUNgUZnA.js:16
[  142228ms] [WARNING] You don't have permission to use DEVTOOL!【type = 6】 @ https://yurigarden.com/assets/index-LUNgUZnA.js:16
[  142724ms] [WARNING] You don't have permission to use DEVTOOL!【type = 6】 @ https://yurigarden.com/assets/index-LUNgUZnA.js:16
[  143229ms] [WARNING] You don't have permission to use DEVTOOL!【type = 6】 @ https://yurigarden.com/assets/index-LUNgUZnA.js:16
[  143726ms] [WARNING] You don't have permission to use DEVTOOL!【type = 6】 @ https://yurigarden.com/assets/index-LUNgUZnA.js:16
[  144233ms] [WARNING] You don't have permission to use DEVTOOL!【type = 6】 @ https://yurigarden.com/assets/index-LUNgUZnA.js:16
[  144718ms] [WARNING] You don't have permission to use DEVTOOL!【type = 6】 @ https://yurigarden.com/assets/index-LUNgUZnA.js:16
[  145228ms] [WARNING] You don't have permission to use DEVTOOL!【type = 6】 @ https://yurigarden.com/assets/index-LUNgUZnA.js:16
[  145726ms] [WARNING] You don't have permission to use DEVTOOL!【type = 6】 @ https://yurigarden.com/assets/index-LUNgUZnA.js:16
[  146218ms] [WARNING] You don't have permission to use DEVTOOL!【type = 6】 @ https://yurigarden.com/assets/index-LUNgUZnA.js:16
[  146719ms] [WARNING] You don't have permission to use DEVTOOL!【type = 6】 @ https://yurigarden.com/assets/index-LUNgUZnA.js:16
[  147232ms] [WARNING] You don't have permission to use DEVTOOL!【type = 6】 @ https://yurigarden.com/assets/index-LUNgUZnA.js:16
[  147719ms] [WARNING] You don't have permission to use DEVTOOL!【type = 6】 @ https://yurigarden.com/assets/index-LUNgUZnA.js:16
[  148223ms] [WARNING] You don't have permission to use DEVTOOL!【type = 6】 @ https://yurigarden.com/assets/index-LUNgUZnA.js:16
[  148722ms] [WARNING] You don't have permission to use DEVTOOL!【type = 6】 @ https://yurigarden.com/assets/index-LUNgUZnA.js:16
[  149227ms] [WARNING] You don't have permission to use DEVTOOL!【type = 6】 @ https://yurigarden.com/assets/index-LUNgUZnA.js:16
[  149730ms] [WARNING] You don't have permission to use DEVTOOL!【type = 6】 @ https://yurigarden.com/assets/index-LUNgUZnA.js:16
[  150221ms] [WARNING] You don't have permission to use DEVTOOL!【type = 6】 @ https://yurigarden.com/assets/index-LUNgUZnA.js:16
[  150726ms] [WARNING] You don't have permission to use DEVTOOL!【type = 6】 @ https://yurigarden.com/assets/index-LUNgUZnA.js:16
[  151220ms] [WARNING] You don't have permission to use DEVTOOL!【type = 6】 @ https://yurigarden.com/assets/index-LUNgUZnA.js:16
[  151723ms] [WARNING] You don't have permission to use DEVTOOL!【type = 6】 @ https://yurigarden.com/assets/index-LUNgUZnA.js:16
[  152225ms] [WARNING] You don't have permission to use DEVTOOL!【type = 6】 @ https://yurigarden.com/assets/index-LUNgUZnA.js:16
[  152736ms] [WARNING] You don't have permission to use DEVTOOL!【type = 6】 @ https://yurigarden.com/assets/index-LUNgUZnA.js:16
[  153222ms] [WARNING] You don't have permission to use DEVTOOL!【type = 6】 @ https://yurigarden.com/assets/index-LUNgUZnA.js:16
[  153729ms] [WARNING] You don't have permission to use DEVTOOL!【type = 6】 @ https://yurigarden.com/assets/index-LUNgUZnA.js:16
[  154230ms] [WARNING] You don't have permission to use DEVTOOL!【type = 6】 @ https://yurigarden.com/assets/index-LUNgUZnA.js:16
[  154726ms] [WARNING] You don't have permission to use DEVTOOL!【type = 6】 @ https://yurigarden.com/assets/index-LUNgUZnA.js:16
[  155229ms] [WARNING] You don't have permission to use DEVTOOL!【type = 6】 @ https://yurigarden.com/assets/index-LUNgUZnA.js:16
[  155721ms] [WARNING] You don't have permission to use DEVTOOL!【type = 6】 @ https://yurigarden.com/assets/index-LUNgUZnA.js:16
[  156223ms] [WARNING] You don't have permission to use DEVTOOL!【type = 6】 @ https://yurigarden.com/assets/index-LUNgUZnA.js:16
[  156728ms] [WARNING] You don't have permission to use DEVTOOL!【type = 6】 @ https://yurigarden.com/assets/index-LUNgUZnA.js:16
[  157223ms] [WARNING] You don't have permission to use DEVTOOL!【type = 6】 @ https://yurigarden.com/assets/index-LUNgUZnA.js:16
[  157725ms] [WARNING] You don't have permission to use DEVTOOL!【type = 6】 @ https://yurigarden.com/assets/index-LUNgUZnA.js:16
[  158228ms] [WARNING] You don't have permission to use DEVTOOL!【type = 6】 @ https://yurigarden.com/assets/index-LUNgUZnA.js:16
[  158727ms] [WARNING] You don't have permission to use DEVTOOL!【type = 6】 @ https://yurigarden.com/assets/index-LUNgUZnA.js:16
[  159226ms] [WARNING] You don't have permission to use DEVTOOL!【type = 6】 @ https://yurigarden.com/assets/index-LUNgUZnA.js:16
[  159724ms] [WARNING] You don't have permission to use DEVTOOL!【type = 6】 @ https://yurigarden.com/assets/index-LUNgUZnA.js:16
[  160260ms] [WARNING] You don't have permission to use DEVTOOL!【type = 6】 @ https://yurigarden.com/assets/index-LUNgUZnA.js:16
[  160728ms] [WARNING] You don't have permission to use DEVTOOL!【type = 6】 @ https://yurigarden.com/assets/index-LUNgUZnA.js:16
[  161230ms] [WARNING] You don't have permission to use DEVTOOL!【type = 6】 @ https://yurigarden.com/assets/index-LUNgUZnA.js:16
[  161731ms] [WARNING] You don't have permission to use DEVTOOL!【type = 6】 @ https://yurigarden.com/assets/index-LUNgUZnA.js:16
[  162223ms] [WARNING] You don't have permission to use DEVTOOL!【type = 6】 @ https://yurigarden.com/assets/index-LUNgUZnA.js:16
[  162726ms] [WARNING] You don't have permission to use DEVTOOL!【type = 6】 @ https://yurigarden.com/assets/index-LUNgUZnA.js:16
[  163227ms] [WARNING] You don't have permission to use DEVTOOL!【type = 6】 @ https://yurigarden.com/assets/index-LUNgUZnA.js:16
[  163725ms] [WARNING] You don't have permission to use DEVTOOL!【type = 6】 @ https://yurigarden.com/assets/index-LUNgUZnA.js:16
[  164224ms] [WARNING] You don't have permission to use DEVTOOL!【type = 6】 @ https://yurigarden.com/assets/index-LUNgUZnA.js:16
[  164721ms] [WARNING] You don't have permission to use DEVTOOL!【type = 6】 @ https://yurigarden.com/assets/index-LUNgUZnA.js:16
[  165224ms] [WARNING] You don't have permission to use DEVTOOL!【type = 6】 @ https://yurigarden.com/assets/index-LUNgUZnA.js:16
[  165718ms] [WARNING] You don't have permission to use DEVTOOL!【type = 6】 @ https://yurigarden.com/assets/index-LUNgUZnA.js:16
[  166229ms] [WARNING] You don't have permission to use DEVTOOL!【type = 6】 @ https://yurigarden.com/assets/index-LUNgUZnA.js:16
[  166723ms] [WARNING] You don't have permission to use DEVTOOL!【type = 6】 @ https://yurigarden.com/assets/index-LUNgUZnA.js:16
[  167217ms] [WARNING] You don't have permission to use DEVTOOL!【type = 6】 @ https://yurigarden.com/assets/index-LUNgUZnA.js:16
[  167721ms] [WARNING] You don't have permission to use DEVTOOL!【type = 6】 @ https://yurigarden.com/assets/index-LUNgUZnA.js:16
[  168222ms] [WARNING] You don't have permission to use DEVTOOL!【type = 6】 @ https://yurigarden.com/assets/index-LUNgUZnA.js:16
[  168719ms] [WARNING] You don't have permission to use DEVTOOL!【type = 6】 @ https://yurigarden.com/assets/index-LUNgUZnA.js:16
[  169217ms] [WARNING] You don't have permission to use DEVTOOL!【type = 6】 @ https://yurigarden.com/assets/index-LUNgUZnA.js:16
[  169719ms] [WARNING] You don't have permission to use DEVTOOL!【type = 6】 @ https://yurigarden.com/assets/index-LUNgUZnA.js:16
[  170217ms] [WARNING] You don't have permission to use DEVTOOL!【type = 6】 @ https://yurigarden.com/assets/index-LUNgUZnA.js:16
[  170718ms] [WARNING] You don't have permission to use DEVTOOL!【type = 6】 @ https://yurigarden.com/assets/index-LUNgUZnA.js:16
[  171217ms] [WARNING] You don't have permission to use DEVTOOL!【type = 6】 @ https://yurigarden.com/assets/index-LUNgUZnA.js:16
[  171719ms] [WARNING] You don't have permission to use DEVTOOL!【type = 6】 @ https://yurigarden.com/assets/index-LUNgUZnA.js:16
[  172218ms] [WARNING] You don't have permission to use DEVTOOL!【type = 6】 @ https://yurigarden.com/assets/index-LUNgUZnA.js:16
[  172716ms] [WARNING] You don't have permission to use DEVTOOL!【type = 6】 @ https://yurigarden.com/assets/index-LUNgUZnA.js:16
[  173221ms] [WARNING] You don't have permission to use DEVTOOL!【type = 6】 @ https://yurigarden.com/assets/index-LUNgUZnA.js:16
[  173718ms] [WARNING] You don't have permission to use DEVTOOL!【type = 6】 @ https://yurigarden.com/assets/index-LUNgUZnA.js:16
[  174228ms] [WARNING] You don't have permission to use DEVTOOL!【type = 6】 @ https://yurigarden.com/assets/index-LUNgUZnA.js:16
[  174718ms] [WARNING] You don't have permission to use DEVTOOL!【type = 6】 @ https://yurigarden.com/assets/index-LUNgUZnA.js:16
[  175218ms] [WARNING] You don't have permission to use DEVTOOL!【type = 6】 @ https://yurigarden.com/assets/index-LUNgUZnA.js:16
[  175725ms] [WARNING] You don't have permission to use DEVTOOL!【type = 6】 @ https://yurigarden.com/assets/index-LUNgUZnA.js:16
[  176218ms] [WARNING] You don't have permission to use DEVTOOL!【type = 6】 @ https://yurigarden.com/assets/index-LUNgUZnA.js:16
[  176718ms] [WARNING] You don't have permission to use DEVTOOL!【type = 6】 @ https://yurigarden.com/assets/index-LUNgUZnA.js:16
[  177217ms] [WARNING] You don't have permission to use DEVTOOL!【type = 6】 @ https://yurigarden.com/assets/index-LUNgUZnA.js:16
[  177749ms] [WARNING] You don't have permission to use DEVTOOL!【type = 6】 @ https://yurigarden.com/assets/index-LUNgUZnA.js:16
[  178221ms] [WARNING] You don't have permission to use DEVTOOL!【type = 6】 @ https://yurigarden.com/assets/index-LUNgUZnA.js:16
[  178722ms] [WARNING] You don't have permission to use DEVTOOL!【type = 6】 @ https://yurigarden.com/assets/index-LUNgUZnA.js:16
[  179229ms] [WARNING] You don't have permission to use DEVTOOL!【type = 6】 @ https://yurigarden.com/assets/index-LUNgUZnA.js:16
